###############################################################################
#
# IAR C/C++ Compiler V7.10.6.1378 for Atmel AVR           06/Oct/2024  05:57:50
# Copyright 1996-2018 IAR Systems AB.
#
#    Source file  =  
#        D:\Projects\CurrentProjects\CautoProjects\PSS48Color\src\Dm163.cpp
#    Command line =  
#        -f C:\Users\Admin\AppData\Local\Temp\EWE6D3.tmp
#        (--string_literals_in_flash
#        D:\Projects\CurrentProjects\CautoProjects\PSS48Color\src\Dm163.cpp
#        --cpu=m128a -ms -o
#        D:\Projects\CurrentProjects\CautoProjects\PSS48Color\Debug\Obj -lC
#        D:\Projects\CurrentProjects\CautoProjects\PSS48Color\Debug\List -lB
#        D:\Projects\CurrentProjects\CautoProjects\PSS48Color\Debug\List -y
#        --initializers_in_flash --root_variables --no_cse --no_inline
#        --no_code_motion --no_cross_call --no_clustering --no_tbaa --debug
#        -DENABLE_BIT_DEFINITIONS -e -I
#        D:\Projects\CurrentProjects\CautoProjects\PSS48Color\Modbus\ -I
#        D:\Projects\CurrentProjects\CautoProjects\PSS48Color\include\
#        --eeprom_size 4096 --dlib --dlib_config "C:\Program Files (x86)\IAR
#        Systems\Embedded Workbench 8.0\avr\LIB\DLIB\dlAVR-3s-ec_mul-n.h" -On
#        --eec++)
#    Locale       =  Russian_RUS.1251
#    List file    =  
#        D:\Projects\CurrentProjects\CautoProjects\PSS48Color\Debug\List\Dm163.lst
#    Object file  =  
#        D:\Projects\CurrentProjects\CautoProjects\PSS48Color\Debug\Obj\Dm163.r90
#
###############################################################################

D:\Projects\CurrentProjects\CautoProjects\PSS48Color\src\Dm163.cpp
      1          //-----------------------------------------------------------------------------------------------------
      2          //  Source      : FileName.cpp
      3          //  Created     : 01.06.2022
      4          //  Author      : Alexandr Volvenkin
      5          //  email       : aav-36@mail.ru
      6          //  GitHub      : https://github.com/AlexandrVolvenkin
      7          //-----------------------------------------------------------------------------------------------------
      8          #include "Dm163.h"

      static __flash TDataBase CFlash::xMainDataBase;
                               ^
"D:\Projects\CurrentProjects\CautoProjects\PSS48Color\include\Platform.h",366  Warning[Pe427]: 
          qualified name is not allowed in member declaration

      static __flash TDataBaseBlockPositionData CFlash::axDataBaseBlocksPositionData[];
                                                ^
"D:\Projects\CurrentProjects\CautoProjects\PSS48Color\include\Platform.h",367  Warning[Pe427]: 
          qualified name is not allowed in member declaration

          CPins::SetPinOutputGCK();
          ^
"D:\Projects\CurrentProjects\CautoProjects\PSS48Color\include\Dm163.h",168  Error[Pe276]: 
          name followed by "::" must be a class or namespace name

          CPins::ClearPinGCK();
          ^
"D:\Projects\CurrentProjects\CautoProjects\PSS48Color\include\Dm163.h",185  Error[Pe276]: 
          name followed by "::" must be a class or namespace name

          _NOP();
          ^
"D:\Projects\CurrentProjects\CautoProjects\PSS48Color\include\Dm163.h",216  Error[Pe020]: 
          identifier "_NOP" is undefined

          _NOP();
          ^
"D:\Projects\CurrentProjects\CautoProjects\PSS48Color\include\Dm163.h",222  Error[Pe020]: 
          identifier "_NOP" is undefined

          _NOP();
          ^
"D:\Projects\CurrentProjects\CautoProjects\PSS48Color\include\Dm163.h",227  Error[Pe020]: 
          identifier "_NOP" is undefined

          _NOP();
          ^
"D:\Projects\CurrentProjects\CautoProjects\PSS48Color\include\Dm163.h",232  Error[Pe020]: 
          identifier "_NOP" is undefined
      9          //#include "Platform.h"
     10          #include "Pss21.h"

      virtual bool IsSolved(void) {};
                                   ^
"D:\Projects\CurrentProjects\CautoProjects\PSS48Color\include\Task.h",20  Warning[Pe940]: 
          missing return statement at end of non-void function
          "CTaskInterface::IsSolved"

      virtual bool IsSourceStateActive(void) {};
                                              ^
"D:\Projects\CurrentProjects\CautoProjects\PSS48Color\include\Task.h",23  Warning[Pe940]: 
          missing return statement at end of non-void function
          "CTaskInterface::IsSourceStateActive"

      bool IsSolved(void) {};
                           ^
"D:\Projects\CurrentProjects\CautoProjects\PSS48Color\include\Task.h",58  Warning[Pe940]: 
          missing return statement at end of non-void function
          "CIsRegularButtonPressedInterface::IsSolved"

      virtual bool IsSourceStateActive(void) {};
                                              ^
"D:\Projects\CurrentProjects\CautoProjects\PSS48Color\include\Task.h",61  Warning[Pe940]: 
          missing return statement at end of non-void function
          "CIsRegularButtonPressedInterface::IsSourceStateActive"

      virtual uint16_t KEY_PRESSED_TIME(void) {};
                                               ^
"D:\Projects\CurrentProjects\CautoProjects\PSS48Color\include\Task.h",63  Warning[Pe940]: 
          missing return statement at end of non-void function
          "CIsRegularButtonPressedInterface::KEY_PRESSED_TIME"
     11          #include "LightBoard.h"
     12          
     13          ////-----------------------------------------------------------------------------------------------------
     14          //CDm163::CDm163()
     15          //{
     16          //    //ctor
     17          //}
     18          //
     19          //CDm163::~CDm163()
     20          //{
     21          //    //dtor
     22          //}
     23          
     24          //-----------------------------------------------------------------------------------------------------
     25          void CDm163::Init(void)
     26          {
     27              CPins::SetPinOutputSIN();
                     ^
Error[Pe276]: name followed by "::" must be a class or namespace name
     28              CPins::ClearPinSIN();
                     ^
Error[Pe276]: name followed by "::" must be a class or namespace name
     29          
     30              CPins::SetPinOutputRST_B();
                     ^
Error[Pe276]: name followed by "::" must be a class or namespace name
     31              CPins::SetPinRST_B();
                     ^
Error[Pe276]: name followed by "::" must be a class or namespace name
     32          
     33              CPins::SetPinOutputDCK();
                     ^
Error[Pe276]: name followed by "::" must be a class or namespace name
     34              CPins::ClearPinDCK();
                     ^
Error[Pe276]: name followed by "::" must be a class or namespace name
     35          
     36              CPins::SetPinOutputLAT_B();
                     ^
Error[Pe276]: name followed by "::" must be a class or namespace name
     37              CPins::ClearPinLAT_B();
                     ^
Error[Pe276]: name followed by "::" must be a class or namespace name
     38          
     39              CPins::SetPinOutputGCK();
                     ^
Error[Pe276]: name followed by "::" must be a class or namespace name
     40              CPins::ClearPinGCK();
                     ^
Error[Pe276]: name followed by "::" must be a class or namespace name
     41          
     42              CPins::SetPinOutputSELBK();
                     ^
Error[Pe276]: name followed by "::" must be a class or namespace name
     43              CPins::ClearPinSELBK();
                     ^
Error[Pe276]: name followed by "::" must be a class or namespace name
     44          
     45              CPins::SetPinOutputEN_B();
                     ^
Error[Pe276]: name followed by "::" must be a class or namespace name
     46              CPins::SetPinEN_B();
                     ^
Error[Pe276]: name followed by "::" must be a class or namespace name
     47          
     48              SetFrequencyGCK();
     49          }
     50          
     51          //-----------------------------------------------------------------------------------------------------
     52          void CDm163::Reset(void)
     53          {
     54              CPins::ClearPinRST_B();
                     ^
Error[Pe276]: name followed by "::" must be a class or namespace name
     55              PulseDelayRST_B();
     56              CPins::SetPinRST_B();
                     ^
Error[Pe276]: name followed by "::" must be a class or namespace name
     57          }
     58          
     59          //-----------------------------------------------------------------------------------------------------
     60          void CDm163::SetBank0(uint8_t uiData)
     61          {
     62              CPins::ClearPinSELBK();
                     ^
Error[Pe276]: name followed by "::" must be a class or namespace name
     63          
     64              for (uint8_t i = 0;
     65                      i < DM163_BANK0_BIT_QUANTITY;
     66                      i++)
     67              {
     68                  // передача начинается с 5 бита, старшим вперёд
     69                  if (uiData & (0x20 >> i))
     70                  {
     71                      CPins::SetPinSIN();
                             ^
Error[Pe276]: name followed by "::" must be a class or namespace name
     72                  }
     73                  else
     74                  {
     75                      CPins::ClearPinSIN();
                             ^
Error[Pe276]: name followed by "::" must be a class or namespace name
     76                  }
     77          
     78                  CPins::SetPinDCK();
                         ^
Error[Pe276]: name followed by "::" must be a class or namespace name
     79                  PulseDelayDCK();
     80                  CPins::ClearPinDCK();
                         ^
Error[Pe276]: name followed by "::" must be a class or namespace name
     81              };
     82          
     83              CPins::ClearPinSELBK();
                     ^
Error[Pe276]: name followed by "::" must be a class or namespace name
     84          }
     85          
     86          //-----------------------------------------------------------------------------------------------------
     87          void CDm163::SetBank1(uint8_t uiData)
     88          {
     89              CPins::SetPinSELBK();
                     ^
Error[Pe276]: name followed by "::" must be a class or namespace name
     90          
     91              for (uint8_t i = 0;
     92                      i < DM163_BANK1_BIT_QUANTITY;
     93                      i++)
     94              {
     95                  // передача начинается с 8 бита, старшим вперёд
     96                  if (uiData & (0x80 >> i))
     97                  {
     98                      CPins::SetPinSIN();
                             ^
Error[Pe276]: name followed by "::" must be a class or namespace name
     99                  }
    100                  else
    101                  {
    102                      CPins::ClearPinSIN();
                             ^
Error[Pe276]: name followed by "::" must be a class or namespace name
    103                  }
    104          
    105                  CPins::SetPinDCK();
                         ^
Error[Pe276]: name followed by "::" must be a class or namespace name
    106                  PulseDelayDCK();
    107                  CPins::ClearPinDCK();
                         ^
Error[Pe276]: name followed by "::" must be a class or namespace name
    108              };
    109          
    110              CPins::ClearPinSELBK();
                     ^
Error[Pe276]: name followed by "::" must be a class or namespace name
    111          }
    112          

Errors: 34
Warnings: 7
