###############################################################################
#
# IAR C/C++ Compiler V7.10.6.1378 for Atmel AVR           30/May/2023  18:21:46
# Copyright 1996-2018 IAR Systems AB.
#
#    Source file  =  
#        D:\Projects\CurrentProjects\CautoProjects\PSS48Color\src\LightBoard.cpp
#    Command line =  
#        -f C:\Users\ghost\AppData\Local\Temp\EW3F37.tmp
#        (--string_literals_in_flash
#        D:\Projects\CurrentProjects\CautoProjects\PSS48Color\src\LightBoard.cpp
#        --cpu=m128a -ms -o
#        D:\Projects\CurrentProjects\CautoProjects\PSS48Color\Debug\Obj -lC
#        D:\Projects\CurrentProjects\CautoProjects\PSS48Color\Debug\List -lB
#        D:\Projects\CurrentProjects\CautoProjects\PSS48Color\Debug\List -y
#        --initializers_in_flash --root_variables --debug
#        -DENABLE_BIT_DEFINITIONS -e -I
#        D:\Projects\CurrentProjects\CautoProjects\PSS48Color\Modbus\ -I
#        D:\Projects\CurrentProjects\CautoProjects\PSS48Color\include\
#        --eeprom_size 4096 --dlib --dlib_config "C:\Program Files (x86)\IAR
#        Systems\Embedded Workbench 8.0\avr\LIB\DLIB\dlAVR-3s-ec_mul-n.h" -Ohz
#        --eec++)
#    Locale       =  Russian_RUS.1251
#    List file    =  
#        D:\Projects\CurrentProjects\CautoProjects\PSS48Color\Debug\List\LightBoard.lst
#    Object file  =  
#        D:\Projects\CurrentProjects\CautoProjects\PSS48Color\Debug\Obj\LightBoard.r90
#
###############################################################################

D:\Projects\CurrentProjects\CautoProjects\PSS48Color\src\LightBoard.cpp
      1          //-----------------------------------------------------------------------------------------------------
      2          //  Source      : FileName.cpp
      3          //  Created     : 01.06.2022
      4          //  Author      : Alexandr Volvenkin
      5          //  email       : aav-36@mail.ru
      6          //  GitHub      : https://github.com/AlexandrVolvenkin
      7          //-----------------------------------------------------------------------------------------------------
      8          #include "LightBoard.h"

   \                                 In  segment ABSOLUTE, at 0x9d, root
   \   union <unnamed> volatile __io _A_UCSR1C
   \                     _A_UCSR1C:
   \   00000000                      DS8 1

   \                                 In  segment ABSOLUTE, at 0x9c, root
   \   union <unnamed> volatile __io _A_UDR1
   \                     _A_UDR1:
   \   00000000                      DS8 1

   \                                 In  segment ABSOLUTE, at 0x9b, root
   \   union <unnamed> volatile __io _A_UCSR1A
   \                     _A_UCSR1A:
   \   00000000                      DS8 1

   \                                 In  segment ABSOLUTE, at 0x9a, root
   \   union <unnamed> volatile __io _A_UCSR1B
   \                     _A_UCSR1B:
   \   00000000                      DS8 1

   \                                 In  segment ABSOLUTE, at 0x99, root
   \   union <unnamed> volatile __io _A_UBRR1L
   \                     _A_UBRR1L:
   \   00000000                      DS8 1

   \                                 In  segment ABSOLUTE, at 0x98, root
   \   union <unnamed> volatile __io _A_UBRR1H
   \                     _A_UBRR1H:
   \   00000000                      DS8 1

   \                                 In  segment ABSOLUTE, at 0x95, root
   \   union <unnamed> volatile __io _A_UCSR0C
   \                     _A_UCSR0C:
   \   00000000                      DS8 1

   \                                 In  segment ABSOLUTE, at 0x90, root
   \   union <unnamed> volatile __io _A_UBRR0H
   \                     _A_UBRR0H:
   \   00000000                      DS8 1

   \                                 In  segment ABSOLUTE, at 0x8c, root
   \   union <unnamed> volatile __io _A_TCCR3C
   \                     _A_TCCR3C:
   \   00000000                      DS8 1

   \                                 In  segment ABSOLUTE, at 0x8b, root
   \   union <unnamed> volatile __io _A_TCCR3A
   \                     _A_TCCR3A:
   \   00000000                      DS8 1

   \                                 In  segment ABSOLUTE, at 0x8a, root
   \   union <unnamed> volatile __io _A_TCCR3B
   \                     _A_TCCR3B:
   \   00000000                      DS8 1

   \                                 In  segment ABSOLUTE, at 0x88, root
   \   union <unnamed> volatile __io _A_TCNT3
   \                     _A_TCNT3:
   \   00000000                      DS8 2

   \                                 In  segment ABSOLUTE, at 0x86, root
   \   union <unnamed> volatile __io _A_OCR3A
   \                     _A_OCR3A:
   \   00000000                      DS8 2

   \                                 In  segment ABSOLUTE, at 0x84, root
   \   union <unnamed> volatile __io _A_OCR3B
   \                     _A_OCR3B:
   \   00000000                      DS8 2

   \                                 In  segment ABSOLUTE, at 0x82, root
   \   union <unnamed> volatile __io _A_OCR3C
   \                     _A_OCR3C:
   \   00000000                      DS8 2

   \                                 In  segment ABSOLUTE, at 0x80, root
   \   union <unnamed> volatile __io _A_ICR3
   \                     _A_ICR3:
   \   00000000                      DS8 2

   \                                 In  segment ABSOLUTE, at 0x7d, root
   \   union <unnamed> volatile __io _A_ETIMSK
   \                     _A_ETIMSK:
   \   00000000                      DS8 1

   \                                 In  segment ABSOLUTE, at 0x7c, root
   \   union <unnamed> volatile __io _A_ETIFR
   \                     _A_ETIFR:
   \   00000000                      DS8 1

   \                                 In  segment ABSOLUTE, at 0x7a, root
   \   union <unnamed> volatile __io _A_TCCR1C
   \                     _A_TCCR1C:
   \   00000000                      DS8 1

   \                                 In  segment ABSOLUTE, at 0x78, root
   \   union <unnamed> volatile __io _A_OCR1C
   \                     _A_OCR1C:
   \   00000000                      DS8 2

   \                                 In  segment ABSOLUTE, at 0x74, root
   \   union <unnamed> volatile __io _A_TWCR
   \                     _A_TWCR:
   \   00000000                      DS8 1

   \                                 In  segment ABSOLUTE, at 0x73, root
   \   union <unnamed> volatile __io _A_TWDR
   \                     _A_TWDR:
   \   00000000                      DS8 1

   \                                 In  segment ABSOLUTE, at 0x72, root
   \   union <unnamed> volatile __io _A_TWAR
   \                     _A_TWAR:
   \   00000000                      DS8 1

   \                                 In  segment ABSOLUTE, at 0x71, root
   \   union <unnamed> volatile __io _A_TWSR
   \                     _A_TWSR:
   \   00000000                      DS8 1

   \                                 In  segment ABSOLUTE, at 0x70, root
   \   union <unnamed> volatile __io _A_TWBR
   \                     _A_TWBR:
   \   00000000                      DS8 1

   \                                 In  segment ABSOLUTE, at 0x6f, root
   \   union <unnamed> volatile __io _A_OSCCAL
   \                     _A_OSCCAL:
   \   00000000                      DS8 1

   \                                 In  segment ABSOLUTE, at 0x6d, root
   \   union <unnamed> volatile __io _A_XMCRA
   \                     _A_XMCRA:
   \   00000000                      DS8 1

   \                                 In  segment ABSOLUTE, at 0x6c, root
   \   union <unnamed> volatile __io _A_XMCRB
   \                     _A_XMCRB:
   \   00000000                      DS8 1

   \                                 In  segment ABSOLUTE, at 0x6a, root
   \   union <unnamed> volatile __io _A_EICRA
   \                     _A_EICRA:
   \   00000000                      DS8 1

   \                                 In  segment ABSOLUTE, at 0x68, root
   \   union <unnamed> volatile __io _A_SPMCSR
   \                     _A_SPMCSR:
   \   00000000                      DS8 1

   \                                 In  segment ABSOLUTE, at 0x65, root
   \   union <unnamed> volatile __io _A_PORTG
   \                     _A_PORTG:
   \   00000000                      DS8 1

   \                                 In  segment ABSOLUTE, at 0x64, root
   \   union <unnamed> volatile __io _A_DDRG
   \                     _A_DDRG:
   \   00000000                      DS8 1

   \                                 In  segment ABSOLUTE, at 0x63, root
   \   union <unnamed> volatile __io _A_PING
   \                     _A_PING:
   \   00000000                      DS8 1

   \                                 In  segment ABSOLUTE, at 0x62, root
   \   union <unnamed> volatile __io _A_PORTF
   \                     _A_PORTF:
   \   00000000                      DS8 1

   \                                 In  segment ABSOLUTE, at 0x61, root
   \   union <unnamed> volatile __io _A_DDRF
   \                     _A_DDRF:
   \   00000000                      DS8 1

   \                                 In  segment ABSOLUTE, at 0x5f, root
   \   union <unnamed> volatile __io _A_SREG
   \                     _A_SREG:
   \   00000000                      DS8 1

   \                                 In  segment ABSOLUTE, at 0x5d, root
   \   union <unnamed> volatile __io _A_SP
   \                     _A_SP:
   \   00000000                      DS8 2

   \                                 In  segment ABSOLUTE, at 0x5c, root
   \   union <unnamed> volatile __io _A_XDIV
   \                     _A_XDIV:
   \   00000000                      DS8 1

   \                                 In  segment ABSOLUTE, at 0x5b, root
   \   union <unnamed> volatile __io _A_RAMPZ
   \                     _A_RAMPZ:
   \   00000000                      DS8 1

   \                                 In  segment ABSOLUTE, at 0x5a, root
   \   union <unnamed> volatile __io _A_EICRB
   \                     _A_EICRB:
   \   00000000                      DS8 1

   \                                 In  segment ABSOLUTE, at 0x59, root
   \   union <unnamed> volatile __io _A_EIMSK
   \                     _A_EIMSK:
   \   00000000                      DS8 1

   \                                 In  segment ABSOLUTE, at 0x58, root
   \   union <unnamed> volatile __io _A_EIFR
   \                     _A_EIFR:
   \   00000000                      DS8 1

   \                                 In  segment ABSOLUTE, at 0x57, root
   \   union <unnamed> volatile __io _A_TIMSK
   \                     _A_TIMSK:
   \   00000000                      DS8 1

   \                                 In  segment ABSOLUTE, at 0x56, root
   \   union <unnamed> volatile __io _A_TIFR
   \                     _A_TIFR:
   \   00000000                      DS8 1

   \                                 In  segment ABSOLUTE, at 0x55, root
   \   union <unnamed> volatile __io _A_MCUCR
   \                     _A_MCUCR:
   \   00000000                      DS8 1

   \                                 In  segment ABSOLUTE, at 0x54, root
   \   union <unnamed> volatile __io _A_MCUCSR
   \                     _A_MCUCSR:
   \   00000000                      DS8 1

   \                                 In  segment ABSOLUTE, at 0x53, root
   \   union <unnamed> volatile __io _A_TCCR0
   \                     _A_TCCR0:
   \   00000000                      DS8 1

   \                                 In  segment ABSOLUTE, at 0x52, root
   \   union <unnamed> volatile __io _A_TCNT0
   \                     _A_TCNT0:
   \   00000000                      DS8 1

   \                                 In  segment ABSOLUTE, at 0x51, root
   \   union <unnamed> volatile __io _A_OCR0
   \                     _A_OCR0:
   \   00000000                      DS8 1

   \                                 In  segment ABSOLUTE, at 0x50, root
   \   union <unnamed> volatile __io _A_ASSR
   \                     _A_ASSR:
   \   00000000                      DS8 1

   \                                 In  segment ABSOLUTE, at 0x4f, root
   \   union <unnamed> volatile __io _A_TCCR1A
   \                     _A_TCCR1A:
   \   00000000                      DS8 1

   \                                 In  segment ABSOLUTE, at 0x4e, root
   \   union <unnamed> volatile __io _A_TCCR1B
   \                     _A_TCCR1B:
   \   00000000                      DS8 1

   \                                 In  segment ABSOLUTE, at 0x4c, root
   \   union <unnamed> volatile __io _A_TCNT1
   \                     _A_TCNT1:
   \   00000000                      DS8 2

   \                                 In  segment ABSOLUTE, at 0x4a, root
   \   union <unnamed> volatile __io _A_OCR1A
   \                     _A_OCR1A:
   \   00000000                      DS8 2

   \                                 In  segment ABSOLUTE, at 0x48, root
   \   union <unnamed> volatile __io _A_OCR1B
   \                     _A_OCR1B:
   \   00000000                      DS8 2

   \                                 In  segment ABSOLUTE, at 0x46, root
   \   union <unnamed> volatile __io _A_ICR1
   \                     _A_ICR1:
   \   00000000                      DS8 2

   \                                 In  segment ABSOLUTE, at 0x45, root
   \   union <unnamed> volatile __io _A_TCCR2
   \                     _A_TCCR2:
   \   00000000                      DS8 1

   \                                 In  segment ABSOLUTE, at 0x44, root
   \   union <unnamed> volatile __io _A_TCNT2
   \                     _A_TCNT2:
   \   00000000                      DS8 1

   \                                 In  segment ABSOLUTE, at 0x43, root
   \   union <unnamed> volatile __io _A_OCR2
   \                     _A_OCR2:
   \   00000000                      DS8 1

   \                                 In  segment ABSOLUTE, at 0x42, root
   \   union <unnamed> volatile __io _A_OCDR
   \                     _A_OCDR:
   \   00000000                      DS8 1

   \                                 In  segment ABSOLUTE, at 0x41, root
   \   union <unnamed> volatile __io _A_WDTCR
   \                     _A_WDTCR:
   \   00000000                      DS8 1

   \                                 In  segment ABSOLUTE, at 0x40, root
   \   union <unnamed> volatile __io _A_SFIOR
   \                     _A_SFIOR:
   \   00000000                      DS8 1

   \                                 In  segment ABSOLUTE, at 0x3e, root
   \   union <unnamed> volatile __io _A_EEAR
   \                     _A_EEAR:
   \   00000000                      DS8 2

   \                                 In  segment ABSOLUTE, at 0x3d, root
   \   union <unnamed> volatile __io _A_EEDR
   \                     _A_EEDR:
   \   00000000                      DS8 1

   \                                 In  segment ABSOLUTE, at 0x3c, root
   \   union <unnamed> volatile __io _A_EECR
   \                     _A_EECR:
   \   00000000                      DS8 1

   \                                 In  segment ABSOLUTE, at 0x3b, root
   \   union <unnamed> volatile __io _A_PORTA
   \                     _A_PORTA:
   \   00000000                      DS8 1

   \                                 In  segment ABSOLUTE, at 0x3a, root
   \   union <unnamed> volatile __io _A_DDRA
   \                     _A_DDRA:
   \   00000000                      DS8 1

   \                                 In  segment ABSOLUTE, at 0x39, root
   \   union <unnamed> volatile __io _A_PINA
   \                     _A_PINA:
   \   00000000                      DS8 1

   \                                 In  segment ABSOLUTE, at 0x38, root
   \   union <unnamed> volatile __io _A_PORTB
   \                     _A_PORTB:
   \   00000000                      DS8 1

   \                                 In  segment ABSOLUTE, at 0x37, root
   \   union <unnamed> volatile __io _A_DDRB
   \                     _A_DDRB:
   \   00000000                      DS8 1

   \                                 In  segment ABSOLUTE, at 0x36, root
   \   union <unnamed> volatile __io _A_PINB
   \                     _A_PINB:
   \   00000000                      DS8 1

   \                                 In  segment ABSOLUTE, at 0x35, root
   \   union <unnamed> volatile __io _A_PORTC
   \                     _A_PORTC:
   \   00000000                      DS8 1

   \                                 In  segment ABSOLUTE, at 0x34, root
   \   union <unnamed> volatile __io _A_DDRC
   \                     _A_DDRC:
   \   00000000                      DS8 1

   \                                 In  segment ABSOLUTE, at 0x33, root
   \   union <unnamed> volatile __io _A_PINC
   \                     _A_PINC:
   \   00000000                      DS8 1

   \                                 In  segment ABSOLUTE, at 0x32, root
   \   union <unnamed> volatile __io _A_PORTD
   \                     _A_PORTD:
   \   00000000                      DS8 1

   \                                 In  segment ABSOLUTE, at 0x31, root
   \   union <unnamed> volatile __io _A_DDRD
   \                     _A_DDRD:
   \   00000000                      DS8 1

   \                                 In  segment ABSOLUTE, at 0x30, root
   \   union <unnamed> volatile __io _A_PIND
   \                     _A_PIND:
   \   00000000                      DS8 1

   \                                 In  segment ABSOLUTE, at 0x2f, root
   \   union <unnamed> volatile __io _A_SPDR
   \                     _A_SPDR:
   \   00000000                      DS8 1

   \                                 In  segment ABSOLUTE, at 0x2e, root
   \   union <unnamed> volatile __io _A_SPSR
   \                     _A_SPSR:
   \   00000000                      DS8 1

   \                                 In  segment ABSOLUTE, at 0x2d, root
   \   union <unnamed> volatile __io _A_SPCR
   \                     _A_SPCR:
   \   00000000                      DS8 1

   \                                 In  segment ABSOLUTE, at 0x2c, root
   \   union <unnamed> volatile __io _A_UDR0
   \                     _A_UDR0:
   \   00000000                      DS8 1

   \                                 In  segment ABSOLUTE, at 0x2b, root
   \   union <unnamed> volatile __io _A_UCSR0A
   \                     _A_UCSR0A:
   \   00000000                      DS8 1

   \                                 In  segment ABSOLUTE, at 0x2a, root
   \   union <unnamed> volatile __io _A_UCSR0B
   \                     _A_UCSR0B:
   \   00000000                      DS8 1

   \                                 In  segment ABSOLUTE, at 0x29, root
   \   union <unnamed> volatile __io _A_UBRR0L
   \                     _A_UBRR0L:
   \   00000000                      DS8 1

   \                                 In  segment ABSOLUTE, at 0x28, root
   \   union <unnamed> volatile __io _A_ACSR
   \                     _A_ACSR:
   \   00000000                      DS8 1

   \                                 In  segment ABSOLUTE, at 0x27, root
   \   union <unnamed> volatile __io _A_ADMUX
   \                     _A_ADMUX:
   \   00000000                      DS8 1

   \                                 In  segment ABSOLUTE, at 0x26, root
   \   union <unnamed> volatile __io _A_ADCSRA
   \                     _A_ADCSRA:
   \   00000000                      DS8 1

   \                                 In  segment ABSOLUTE, at 0x24, root
   \   union <unnamed> volatile __io _A_ADC
   \                     _A_ADC:
   \   00000000                      DS8 2

   \                                 In  segment ABSOLUTE, at 0x23, root
   \   union <unnamed> volatile __io _A_PORTE
   \                     _A_PORTE:
   \   00000000                      DS8 1

   \                                 In  segment ABSOLUTE, at 0x22, root
   \   union <unnamed> volatile __io _A_DDRE
   \                     _A_DDRE:
   \   00000000                      DS8 1

   \                                 In  segment ABSOLUTE, at 0x21, root
   \   union <unnamed> volatile __io _A_PINE
   \                     _A_PINE:
   \   00000000                      DS8 1

   \                                 In  segment ABSOLUTE, at 0x20, root
   \   union <unnamed> volatile __io _A_PINF
   \                     _A_PINF:
   \   00000000                      DS8 1

      static __flash TDataBase CFlash::xMainDataBase;
                               ^
"D:\Projects\CurrentProjects\CautoProjects\PSS48Color\include\Platform.h",368  Warning[Pe427]: 
          qualified name is not allowed in member declaration

      static __flash TDataBaseBlockPositionData CFlash::axDataBaseBlocksPositionData[];
                                                ^
"D:\Projects\CurrentProjects\CautoProjects\PSS48Color\include\Platform.h",369  Warning[Pe427]: 
          qualified name is not allowed in member declaration
      9          #include "Platform.h"
     10          #include "Pss21.h"

      virtual bool IsSolved(void) {};
                                   ^
"D:\Projects\CurrentProjects\CautoProjects\PSS48Color\include\Task.h",20  Warning[Pe940]: 
          missing return statement at end of non-void function
          "CTaskInterface::IsSolved"

      virtual bool IsSourceStateActive(void) {};
                                              ^
"D:\Projects\CurrentProjects\CautoProjects\PSS48Color\include\Task.h",23  Warning[Pe940]: 
          missing return statement at end of non-void function
          "CTaskInterface::IsSourceStateActive"

      bool IsSolved(void) {};
                           ^
"D:\Projects\CurrentProjects\CautoProjects\PSS48Color\include\Task.h",58  Warning[Pe940]: 
          missing return statement at end of non-void function
          "CIsRegularButtonPressedInterface::IsSolved"

      virtual bool IsSourceStateActive(void) {};
                                              ^
"D:\Projects\CurrentProjects\CautoProjects\PSS48Color\include\Task.h",61  Warning[Pe940]: 
          missing return statement at end of non-void function
          "CIsRegularButtonPressedInterface::IsSourceStateActive"

      virtual uint16_t KEY_PRESSED_TIME(void) {};
                                               ^
"D:\Projects\CurrentProjects\CautoProjects\PSS48Color\include\Task.h",63  Warning[Pe940]: 
          missing return statement at end of non-void function
          "CIsRegularButtonPressedInterface::KEY_PRESSED_TIME"
     11          #include "Dm163.h"

   \                                 In  segment CODE, align 2, keep-with-next
   \   __version_3 void CDm163::PulseDelayLAT_B()
   \                     ??PulseDelayLAT_B:
   \   00000000   0000               nop
   \   00000002   9508               RET
     12          
     13          //-------------------------------------------------------------------------------------------------
     14          // Массив управления драйверами светодиодов на панели.

   \                                 In  segment NEAR_Z, align 1, keep-with-next, root
   \   00000000                      REQUIRE `?<Segment init: NEAR_Z>`
     15          uint8_t CLightBoard::m_auiBoardLampsControl[m_uiBoardLedNumber];
   \                     ??m_auiBoardLampsControl:
   \   00000000                      DS8 64
     16          // Карта соответствия индекса окна на панели и индекса состояния светодиода в массиве управления.

   \                                 In  segment NEAR_F, align 1, keep-with-next, root
     17          __flash uint8_t CLightBoard::m_auiLedMap[] =
   \                     ??m_auiLedMap:
   \   00000000   000000000000       DC8 0, 0, 0, 0, 0, 0, 0, 0, 1, 1, 1, 1, 1, 1, 1, 1, 1, 1, 1, 1, 1, 1, 1
   \              000001010101
   \              010101010101
   \              0101010101  
   \   00000017   010101010101       DC8 1, 1, 1, 1, 1, 1, 1, 1, 1, 1, 1, 1, 1, 1, 1, 1, 1, 1, 1, 1, 1, 1, 1
   \              010101010101
   \              010101010101
   \              0101010101  
   \   0000002E   0101               DC8 1, 1
     18          {
     19              // Левая часть.    // Правая часть.
     20              0, 0, 0, 0,    0, 0, 0, 0,
     21              1, 1, 1, 1,    1, 1, 1, 1,
     22              1, 1, 1, 1,    1, 1, 1, 1,
     23              1, 1, 1, 1,    1, 1, 1, 1,
     24              1, 1, 1, 1,    1, 1, 1, 1,
     25              1, 1, 1, 1,    1, 1, 1, 1,
     26          };
     27          

   \                                 In  segment NEAR_F, align 1, keep-with-next, root
     28          __flash TPixelColorData CLightBoard::m_xPixelColorCorrectionData =
   \                     ??m_xPixelColorCorrectionData:
   \   00000000   3F3F3F             DC8 63, 63, 63
     29          {
     30              63,
     31              63,
     32              63,
     33          };
     34          

   \                                 In  segment NEAR_F, align 1, keep-with-next, root
     35          __flash TPixelColorData CLightBoard::m_xPixelColorBlack =
   \                     ??m_xPixelColorBlack:
   \   00000000   000000             DC8 0, 0, 0
     36          {
     37              0,
     38              0,
     39              0,
     40          };
     41          
     42          __flash TPixelColorData CLightBoard::m_xPixelColorRed =
   \                     ??m_xPixelColorRed:
   \   00000003   00FF00             DC8 255, 0, 0
     43          {
     44              255,
     45              0,
     46              0,
     47          };
     48          
     49          __flash TPixelColorData CLightBoard::m_xPixelColorGreen =
   \                     ??m_xPixelColorGreen:
   \   00000006   FF0000             DC8 0, 255, 0
     50          {
     51              0,
     52              255,
     53              0,
     54          };
     55          
     56          __flash TPixelColorData CLightBoard::m_xPixelColorBlue =
     57          {
     58              0,
     59              0,
     60              255,
     61          };
     62          
     63          __flash TPixelColorData CLightBoard::m_xPixelColorYellow =
   \                     ??m_xPixelColorYellow:
   \   00000009   FFFF00             DC8 255, 255, 0

   \                                 In  segment NEAR_F, align 1, keep-with-next, root
   \                     ??m_xPixelColorBlue:
   \   00000000   0000FF             DC8 0, 0, 255
     64          {
     65              255,
     66              255,
     67              0,
     68          };
     69          

   \                                 In  segment NEAR_F, align 1, keep-with-next, root
     70          __flash TPixelColorData CLightBoard::m_xPixelColorWhite =
   \                     ??m_xPixelColorWhite:
   \   00000000   FFFFFF             DC8 255, 255, 255
     71          {
     72              255,
     73              255,
     74              255,
     75          };
     76          
     77          ////-----------------------------------------------------------------------------------------------------
     78          //CLightBoard::CLightBoard()
     79          //{
     80          ////    Init();
     81          //}
     82          //
     83          ////-----------------------------------------------------------------------------------------------------
     84          //CLightBoard::~CLightBoard()
     85          //{
     86          //
     87          //}
     88          
     89          //-----------------------------------------------------------------------------------------------------

   \                                 In  segment CODE, align 2, keep-with-next
     90          void CLightBoard::Init(CAlarmWindow* pxAlarmWindowControl)
   \                     ??Init:
     91          {
     92          //    // Включим панель.
     93          //    CPlatform::LedDriverEnable1On();
     94          //    CPlatform::LedDriverEnable2On();
     95          //    CPlatform::LedDriverEnable3On();
     96          //    CPlatform::LedDriverEnable4On();
     97          //    CPlatform::LedDriverEnable1SetPinOutput();
     98          //    CPlatform::LedDriverEnable2SetPinOutput();
     99          //    CPlatform::LedDriverEnable3SetPinOutput();
    100          //    CPlatform::LedDriverEnable4SetPinOutput();
    101          
    102          //    CDM134::Init();
    103              CDm163::Init();
   \   00000000   ........           JMP     ??Init_1
    104          }
    105          
    106          ////-----------------------------------------------------------------------------------------------------
    107          //void CLightBoard::Set(CAlarmWindow* pxAlarmWindowControl)
    108          //{
    109          //    for (uint8_t i = 0;
    110          //            i < ALARM_WINDOWS_NUMBER;
    111          //            i++)
    112          //    {
    113          //        // Окно сигнализации активно?
    114          //        if (pxAlarmWindowControl[i].GetActivityState())
    115          //        {
    116          //            m_auiBoardLampsControl[m_auiLedMap[i]] = 1;
    117          //        }
    118          //        else
    119          //        {
    120          //            m_auiBoardLampsControl[m_auiLedMap[i]] = 0;
    121          //        }
    122          //
    123          ////        CPss21::m_aucRtuHoldingRegistersArray[i] = pxAlarmWindowControl[i].GetActivityState();
    124          //    };
    125          //
    126          //    // Зажжём активные светодиоды.
    127          //    CDM134::Set(m_auiBoardLampsControl, m_uiBoardLedNumber);
    128          //}
    129          
    130          //-----------------------------------------------------------------------------------------------------

   \                                 In  segment CODE, align 2, keep-with-next
    131          void CLightBoard::Set(CAlarmWindow* pxAlarmWindowControl)
   \                     ??Set:
    132          {
   \   00000000   ........           CALL    ?PROLOGUE4_L09
   \   00000004   01D8               MOVW    R27:R26, R17:R16
    133              CDm163::Reset();
   \   00000006   ........           CALL    ??Reset
    134          //    // передадим данные коррекции - банк0
    135          //    for (uint8_t i = 0;
    136          //            i < BOARD_LED_NUMBER;
    137          //            i++)
    138          //    {
    139          //        CPss48BoardPixel::SetCorrection(&m_xPixelColorCorrectionData);
    140          //    };
    141          
    142              for (uint8_t i = 0;
   \   0000000A   E080               LDI     R24, 0
   \   0000000C   E390               LDI     R25, 48
    143                      i < BOARD_LED_NUMBER;
    144                      i++)
    145              {
    146                  // Окно сигнализации активно?
    147          //        if (pxAlarmWindowControl[m_auiLedMap[i]].GetActivityState())
    148                  if (pxAlarmWindowControl[i].GetActivityState())
   \                     ??Set_1:
   \   0000000E   2F08               MOV     R16, R24
   \   00000010   E010               LDI     R17, 0
   \   00000012   E046               LDI     R20, 6
   \   00000014   E050               LDI     R21, 0
   \   00000016   ........           CALL    ?S_EC_MUL_L02
   \   0000001A   0198               MOVW    R19:R18, R17:R16
   \   0000001C   018D               MOVW    R17:R16, R27:R26
   \   0000001E   0F02               ADD     R16, R18
   \   00000020   1F13               ADC     R17, R19
   \   00000022   01F8               MOVW    R31:R30, R17:R16
   \   00000024   8120               LD      R18, Z
   \   00000026   2322               TST     R18
   \   00000028   F111               BREQ    ??Set_2
    149                  {
    150                  CPss21::m_aucRtuHoldingRegistersArray[i + 4] = i + 1;
   \   0000002A   E022               LDI     R18, 2
   \   0000002C   9F82               MUL     R24, R18
   \   0000002E   ....               LDI     R18, LOW(??m_aucRtuHoldingRegistersArray)
   \   00000030   ....               LDI     R19, (??m_aucRtuHoldingRegistersArray) >> 8
   \   00000032   0D20               ADD     R18, R0
   \   00000034   1D31               ADC     R19, R1
   \   00000036   2F48               MOV     R20, R24
   \   00000038   5F4F               SUBI    R20, 255
   \   0000003A   4F5F               SBCI    R21, 255
   \   0000003C   01F9               MOVW    R31:R30, R19:R18
   \   0000003E   8740               STD     Z+8, R20
   \   00000040   8751               STD     Z+9, R21
    151                  CPss21::m_aucRtuHoldingRegistersArray[i + 1] = pxAlarmWindowControl[i].GetAlarmType();
   \   00000042   01F8               MOVW    R31:R30, R17:R16
   \   00000044   8142               LDD     R20, Z+2
   \   00000046   E050               LDI     R21, 0
   \   00000048   01F9               MOVW    R31:R30, R19:R18
   \   0000004A   8342               STD     Z+2, R20
   \   0000004C   8353               STD     Z+3, R21
    152                      switch (pxAlarmWindowControl[i].GetAlarmType())
   \   0000004E   01F8               MOVW    R31:R30, R17:R16
   \   00000050   8102               LDD     R16, Z+2
   \   00000052   950A               DEC     R16
   \   00000054   F019               BREQ    ??Set_3
   \   00000056   5002               SUBI    R16, 2
   \   00000058   F021               BREQ    ??Set_4
   \   0000005A   C006               RJMP    ??Set_5
    153          //            switch (pxAlarmWindowControl[m_auiLedMap[i]].GetAlarmType())
    154                      {
    155                      case INDICATION:
    156                          CPss48BoardPixel::SetData(&m_xPixelColorGreen);
   \                     ??Set_3:
   \   0000005C   ....               LDI     R16, LOW((??m_xPixelColorBlack + 6))
   \   0000005E   ....               LDI     R17, HIGH((??m_xPixelColorBlack + 6))
   \   00000060   C008               RJMP    ??Set_6
    157                          break;
    158          
    159                      case PREVENTIVE:
    160                          CPss48BoardPixel::SetData(&m_xPixelColorYellow);
    161                          break;
    162          
    163                      case EMERGENCY:
    164                          CPss48BoardPixel::SetData(&m_xPixelColorRed);
   \                     ??Set_4:
   \   00000062   ....               LDI     R16, LOW((??m_xPixelColorBlack + 3))
   \   00000064   ....               LDI     R17, HIGH((??m_xPixelColorBlack + 3))
   \   00000066   C005               RJMP    ??Set_6
    165                          break;
    166          
    167                      default:
    168          //                CPss48BoardPixel::SetData(&m_xPixelColorBlack);
    169                          CPss48BoardPixel::SetData(&m_xPixelColorYellow);
   \                     ??Set_5:
   \   00000068   ....               LDI     R16, LOW((??m_xPixelColorBlack + 9))
   \   0000006A   ....               LDI     R17, HIGH((??m_xPixelColorBlack + 9))
   \   0000006C   C002               RJMP    ??Set_6
    170                          break;
    171                      }
    172          
    173                  }
    174                  else
    175                  {
    176                      CPss48BoardPixel::SetData(&m_xPixelColorBlack);
   \                     ??Set_2:
   \   0000006E   ....               LDI     R16, LOW(??m_xPixelColorBlack)
   \   00000070   ....               LDI     R17, (??m_xPixelColorBlack) >> 8
   \                     ??Set_6:
   \   00000072   E020               LDI     R18, 0
   \   00000074   ........           CALL    ??SetData
    177                  }
    178          
    179          ////        CPss48BoardPixel::SetCorrection(&m_xPixelColorCorrectionData);
    180          //            CPss48BoardPixel::SetData(&m_xPixelColorWhite);
    181              };
   \   00000078   9583               INC     R24
   \   0000007A   959A               DEC     R25
   \   0000007C   F641               BRNE    ??Set_1
    182          
    183          
    184              CPins::SetPinLAT_B();
   \   0000007E   91000062           LDS     R16, 98
   \   00000082   6004               ORI     R16, 0x04
   \   00000084   93000062           STS     98, R16
    185              CDm163::PulseDelayLAT_B();
   \   00000088   ........           CALL    ??PulseDelayLAT_B
    186              CPins::ClearPinLAT_B();
   \   0000008C   91000062           LDS     R16, 98
   \   00000090   7F0B               ANDI    R16, 0xFB
   \   00000092   93000062           STS     98, R16
    187              CPins::ClearPinEN_B();
   \   00000096   91000062           LDS     R16, 98
   \   0000009A   7D0F               ANDI    R16, 0xDF
   \   0000009C   93000062           STS     98, R16
    188          
    189          //    SET_PIN_DM163_CONTROL_LAT_B();
    190          //    LAT_B_PULSE_DURATION_DELAY();
    191          //    CLEAR_PIN_DM163_CONTROL_LAT_B();
    192          //    CLEAR_PIN_DM163_CONTROL_EN_B();
    193          }
   \   000000A0   E0E4               LDI     R30, 4
   \   000000A2   ........           JMP     ?EPILOGUE_B4_L09
   \   000000A6                      REQUIRE _A_PORTF
    194          
    195          
    196          //        CPss21::m_aucRtuHoldingRegistersArray[0] = pxAlarmWindowControl[i].GetActivityState();

   Maximum stack usage in bytes:

   CSTACK RSTACK Function
   ------ ------ --------
      0      2   CDm163::PulseDelayLAT_B()
      0      2   CLightBoard::Init(CAlarmWindow *)
        0      2   -> CDm163::Init()
      4      2   CLightBoard::Set(CAlarmWindow *)
        4      2   -> CDm163::PulseDelayLAT_B()
        4      2   -> CDm163::Reset()
        4      2   -> CPss48BoardPixel::SetData(TPixelColorData __farflash *)
        4      2 ?S_EC_MUL_L02


   Segment part sizes:

   Bytes  Function/Label
   -----  --------------
       4  CDm163::PulseDelayLAT_B()
       4  CLightBoard::Init(CAlarmWindow *)
     166  CLightBoard::Set(CAlarmWindow *)
      64  CLightBoard::m_auiBoardLampsControl
      48  CLightBoard::m_auiLedMap
      12  CLightBoard::m_xPixelColorBlack
          CLightBoard::m_xPixelColorRed
          CLightBoard::m_xPixelColorGreen
          CLightBoard::m_xPixelColorYellow
       3  CLightBoard::m_xPixelColorBlue
       3  CLightBoard::m_xPixelColorCorrectionData
       3  CLightBoard::m_xPixelColorWhite
       1  _A_ACSR
       2  _A_ADC
       1  _A_ADCSRA
       1  _A_ADMUX
       1  _A_ASSR
       1  _A_DDRA
       1  _A_DDRB
       1  _A_DDRC
       1  _A_DDRD
       1  _A_DDRE
       1  _A_DDRF
       1  _A_DDRG
       2  _A_EEAR
       1  _A_EECR
       1  _A_EEDR
       1  _A_EICRA
       1  _A_EICRB
       1  _A_EIFR
       1  _A_EIMSK
       1  _A_ETIFR
       1  _A_ETIMSK
       2  _A_ICR1
       2  _A_ICR3
       1  _A_MCUCR
       1  _A_MCUCSR
       1  _A_OCDR
       1  _A_OCR0
       2  _A_OCR1A
       2  _A_OCR1B
       2  _A_OCR1C
       1  _A_OCR2
       2  _A_OCR3A
       2  _A_OCR3B
       2  _A_OCR3C
       1  _A_OSCCAL
       1  _A_PINA
       1  _A_PINB
       1  _A_PINC
       1  _A_PIND
       1  _A_PINE
       1  _A_PINF
       1  _A_PING
       1  _A_PORTA
       1  _A_PORTB
       1  _A_PORTC
       1  _A_PORTD
       1  _A_PORTE
       1  _A_PORTF
       1  _A_PORTG
       1  _A_RAMPZ
       1  _A_SFIOR
       2  _A_SP
       1  _A_SPCR
       1  _A_SPDR
       1  _A_SPMCSR
       1  _A_SPSR
       1  _A_SREG
       1  _A_TCCR0
       1  _A_TCCR1A
       1  _A_TCCR1B
       1  _A_TCCR1C
       1  _A_TCCR2
       1  _A_TCCR3A
       1  _A_TCCR3B
       1  _A_TCCR3C
       1  _A_TCNT0
       2  _A_TCNT1
       1  _A_TCNT2
       2  _A_TCNT3
       1  _A_TIFR
       1  _A_TIMSK
       1  _A_TWAR
       1  _A_TWBR
       1  _A_TWCR
       1  _A_TWDR
       1  _A_TWSR
       1  _A_UBRR0H
       1  _A_UBRR0L
       1  _A_UBRR1H
       1  _A_UBRR1L
       1  _A_UCSR0A
       1  _A_UCSR0B
       1  _A_UCSR0C
       1  _A_UCSR1A
       1  _A_UCSR1B
       1  _A_UCSR1C
       1  _A_UDR0
       1  _A_UDR1
       1  _A_WDTCR
       1  _A_XDIV
       1  _A_XMCRA
       1  _A_XMCRB
      29  -- Other

 
 105 bytes in segment ABSOLUTE
 174 bytes in segment CODE
   7 bytes in segment INITTAB
  91 bytes in segment NEAR_F
  64 bytes in segment NEAR_Z
 
 261 bytes of CODE memory (+  11 bytes shared)
  64 bytes of DATA memory (+ 105 bytes shared)

Errors: none
Warnings: 7
