###############################################################################
#
# IAR C/C++ Compiler V7.10.6.1378 for Atmel AVR           14/Oct/2024  15:39:45
# Copyright 1996-2018 IAR Systems AB.
#
#    Source file  =  
#        D:\Projects\CurrentProjects\CautoProjects\PSS48Color\src\LightBoard.cpp
#    Command line =  
#        -f C:\Users\Admin\AppData\Local\Temp\EW834B.tmp
#        (--string_literals_in_flash
#        D:\Projects\CurrentProjects\CautoProjects\PSS48Color\src\LightBoard.cpp
#        --cpu=m128a -ms -o
#        D:\Projects\CurrentProjects\CautoProjects\PSS48Color\Debug\Obj -lC
#        D:\Projects\CurrentProjects\CautoProjects\PSS48Color\Debug\List -lB
#        D:\Projects\CurrentProjects\CautoProjects\PSS48Color\Debug\List -y
#        --initializers_in_flash --root_variables --no_cse --no_inline
#        --no_code_motion --no_cross_call --no_clustering --no_tbaa --debug
#        -DENABLE_BIT_DEFINITIONS -e -I
#        D:\Projects\CurrentProjects\CautoProjects\PSS48Color\Modbus\ -I
#        D:\Projects\CurrentProjects\CautoProjects\PSS48Color\include\
#        --eeprom_size 4096 --dlib --dlib_config "C:\Program Files (x86)\IAR
#        Systems\Embedded Workbench 8.0\avr\LIB\DLIB\dlAVR-3s-ec_mul-n.h" -On
#        --eec++)
#    Locale       =  Russian_RUS.1251
#    List file    =  
#        D:\Projects\CurrentProjects\CautoProjects\PSS48Color\Debug\List\LightBoard.lst
#    Object file  =  
#        D:\Projects\CurrentProjects\CautoProjects\PSS48Color\Debug\Obj\LightBoard.r90
#
###############################################################################

D:\Projects\CurrentProjects\CautoProjects\PSS48Color\src\LightBoard.cpp
      1          //-----------------------------------------------------------------------------------------------------
      2          //  Source      : FileName.cpp
      3          //  Created     : 01.06.2022
      4          //  Author      : Alexandr Volvenkin
      5          //  email       : aav-36@mail.ru
      6          //  GitHub      : https://github.com/AlexandrVolvenkin
      7          //-----------------------------------------------------------------------------------------------------
      8          #include "LightBoard.h"

   \                                 In  segment CODE, align 2, keep-with-next
   \   __version_3 uint8_t CAlarmWindow::GetActivityState()
   \                     ??GetActivityState:
   \   00000000   01F8               MOVW    R31:R30, R17:R16
   \   00000002   8100               LD      R16, Z
   \   00000004   9508               RET
      9          #include "Platform.h"

   \                                 In  segment ABSOLUTE, at 0x9d, root
   \   union <unnamed> volatile __io _A_UCSR1C
   \                     _A_UCSR1C:
   \   00000000                      DS8 1

   \                                 In  segment ABSOLUTE, at 0x9c, root
   \   union <unnamed> volatile __io _A_UDR1
   \                     _A_UDR1:
   \   00000000                      DS8 1

   \                                 In  segment ABSOLUTE, at 0x9b, root
   \   union <unnamed> volatile __io _A_UCSR1A
   \                     _A_UCSR1A:
   \   00000000                      DS8 1

   \                                 In  segment ABSOLUTE, at 0x9a, root
   \   union <unnamed> volatile __io _A_UCSR1B
   \                     _A_UCSR1B:
   \   00000000                      DS8 1

   \                                 In  segment ABSOLUTE, at 0x99, root
   \   union <unnamed> volatile __io _A_UBRR1L
   \                     _A_UBRR1L:
   \   00000000                      DS8 1

   \                                 In  segment ABSOLUTE, at 0x98, root
   \   union <unnamed> volatile __io _A_UBRR1H
   \                     _A_UBRR1H:
   \   00000000                      DS8 1

   \                                 In  segment ABSOLUTE, at 0x95, root
   \   union <unnamed> volatile __io _A_UCSR0C
   \                     _A_UCSR0C:
   \   00000000                      DS8 1

   \                                 In  segment ABSOLUTE, at 0x90, root
   \   union <unnamed> volatile __io _A_UBRR0H
   \                     _A_UBRR0H:
   \   00000000                      DS8 1

   \                                 In  segment ABSOLUTE, at 0x8c, root
   \   union <unnamed> volatile __io _A_TCCR3C
   \                     _A_TCCR3C:
   \   00000000                      DS8 1

   \                                 In  segment ABSOLUTE, at 0x8b, root
   \   union <unnamed> volatile __io _A_TCCR3A
   \                     _A_TCCR3A:
   \   00000000                      DS8 1

   \                                 In  segment ABSOLUTE, at 0x8a, root
   \   union <unnamed> volatile __io _A_TCCR3B
   \                     _A_TCCR3B:
   \   00000000                      DS8 1

   \                                 In  segment ABSOLUTE, at 0x88, root
   \   union <unnamed> volatile __io _A_TCNT3
   \                     _A_TCNT3:
   \   00000000                      DS8 2

   \                                 In  segment ABSOLUTE, at 0x86, root
   \   union <unnamed> volatile __io _A_OCR3A
   \                     _A_OCR3A:
   \   00000000                      DS8 2

   \                                 In  segment ABSOLUTE, at 0x84, root
   \   union <unnamed> volatile __io _A_OCR3B
   \                     _A_OCR3B:
   \   00000000                      DS8 2

   \                                 In  segment ABSOLUTE, at 0x82, root
   \   union <unnamed> volatile __io _A_OCR3C
   \                     _A_OCR3C:
   \   00000000                      DS8 2

   \                                 In  segment ABSOLUTE, at 0x80, root
   \   union <unnamed> volatile __io _A_ICR3
   \                     _A_ICR3:
   \   00000000                      DS8 2

   \                                 In  segment ABSOLUTE, at 0x7d, root
   \   union <unnamed> volatile __io _A_ETIMSK
   \                     _A_ETIMSK:
   \   00000000                      DS8 1

   \                                 In  segment ABSOLUTE, at 0x7c, root
   \   union <unnamed> volatile __io _A_ETIFR
   \                     _A_ETIFR:
   \   00000000                      DS8 1

   \                                 In  segment ABSOLUTE, at 0x7a, root
   \   union <unnamed> volatile __io _A_TCCR1C
   \                     _A_TCCR1C:
   \   00000000                      DS8 1

   \                                 In  segment ABSOLUTE, at 0x78, root
   \   union <unnamed> volatile __io _A_OCR1C
   \                     _A_OCR1C:
   \   00000000                      DS8 2

   \                                 In  segment ABSOLUTE, at 0x74, root
   \   union <unnamed> volatile __io _A_TWCR
   \                     _A_TWCR:
   \   00000000                      DS8 1

   \                                 In  segment ABSOLUTE, at 0x73, root
   \   union <unnamed> volatile __io _A_TWDR
   \                     _A_TWDR:
   \   00000000                      DS8 1

   \                                 In  segment ABSOLUTE, at 0x72, root
   \   union <unnamed> volatile __io _A_TWAR
   \                     _A_TWAR:
   \   00000000                      DS8 1

   \                                 In  segment ABSOLUTE, at 0x71, root
   \   union <unnamed> volatile __io _A_TWSR
   \                     _A_TWSR:
   \   00000000                      DS8 1

   \                                 In  segment ABSOLUTE, at 0x70, root
   \   union <unnamed> volatile __io _A_TWBR
   \                     _A_TWBR:
   \   00000000                      DS8 1

   \                                 In  segment ABSOLUTE, at 0x6f, root
   \   union <unnamed> volatile __io _A_OSCCAL
   \                     _A_OSCCAL:
   \   00000000                      DS8 1

   \                                 In  segment ABSOLUTE, at 0x6d, root
   \   union <unnamed> volatile __io _A_XMCRA
   \                     _A_XMCRA:
   \   00000000                      DS8 1

   \                                 In  segment ABSOLUTE, at 0x6c, root
   \   union <unnamed> volatile __io _A_XMCRB
   \                     _A_XMCRB:
   \   00000000                      DS8 1

   \                                 In  segment ABSOLUTE, at 0x6a, root
   \   union <unnamed> volatile __io _A_EICRA
   \                     _A_EICRA:
   \   00000000                      DS8 1

   \                                 In  segment ABSOLUTE, at 0x68, root
   \   union <unnamed> volatile __io _A_SPMCSR
   \                     _A_SPMCSR:
   \   00000000                      DS8 1

   \                                 In  segment ABSOLUTE, at 0x65, root
   \   union <unnamed> volatile __io _A_PORTG
   \                     _A_PORTG:
   \   00000000                      DS8 1

   \                                 In  segment ABSOLUTE, at 0x64, root
   \   union <unnamed> volatile __io _A_DDRG
   \                     _A_DDRG:
   \   00000000                      DS8 1

   \                                 In  segment ABSOLUTE, at 0x63, root
   \   union <unnamed> volatile __io _A_PING
   \                     _A_PING:
   \   00000000                      DS8 1

   \                                 In  segment ABSOLUTE, at 0x62, root
   \   union <unnamed> volatile __io _A_PORTF
   \                     _A_PORTF:
   \   00000000                      DS8 1

   \                                 In  segment ABSOLUTE, at 0x61, root
   \   union <unnamed> volatile __io _A_DDRF
   \                     _A_DDRF:
   \   00000000                      DS8 1

   \                                 In  segment ABSOLUTE, at 0x5f, root
   \   union <unnamed> volatile __io _A_SREG
   \                     _A_SREG:
   \   00000000                      DS8 1

   \                                 In  segment ABSOLUTE, at 0x5d, root
   \   union <unnamed> volatile __io _A_SP
   \                     _A_SP:
   \   00000000                      DS8 2

   \                                 In  segment ABSOLUTE, at 0x5c, root
   \   union <unnamed> volatile __io _A_XDIV
   \                     _A_XDIV:
   \   00000000                      DS8 1

   \                                 In  segment ABSOLUTE, at 0x5b, root
   \   union <unnamed> volatile __io _A_RAMPZ
   \                     _A_RAMPZ:
   \   00000000                      DS8 1

   \                                 In  segment ABSOLUTE, at 0x5a, root
   \   union <unnamed> volatile __io _A_EICRB
   \                     _A_EICRB:
   \   00000000                      DS8 1

   \                                 In  segment ABSOLUTE, at 0x59, root
   \   union <unnamed> volatile __io _A_EIMSK
   \                     _A_EIMSK:
   \   00000000                      DS8 1

   \                                 In  segment ABSOLUTE, at 0x58, root
   \   union <unnamed> volatile __io _A_EIFR
   \                     _A_EIFR:
   \   00000000                      DS8 1

   \                                 In  segment ABSOLUTE, at 0x57, root
   \   union <unnamed> volatile __io _A_TIMSK
   \                     _A_TIMSK:
   \   00000000                      DS8 1

   \                                 In  segment ABSOLUTE, at 0x56, root
   \   union <unnamed> volatile __io _A_TIFR
   \                     _A_TIFR:
   \   00000000                      DS8 1

   \                                 In  segment ABSOLUTE, at 0x55, root
   \   union <unnamed> volatile __io _A_MCUCR
   \                     _A_MCUCR:
   \   00000000                      DS8 1

   \                                 In  segment ABSOLUTE, at 0x54, root
   \   union <unnamed> volatile __io _A_MCUCSR
   \                     _A_MCUCSR:
   \   00000000                      DS8 1

   \                                 In  segment ABSOLUTE, at 0x53, root
   \   union <unnamed> volatile __io _A_TCCR0
   \                     _A_TCCR0:
   \   00000000                      DS8 1

   \                                 In  segment ABSOLUTE, at 0x52, root
   \   union <unnamed> volatile __io _A_TCNT0
   \                     _A_TCNT0:
   \   00000000                      DS8 1

   \                                 In  segment ABSOLUTE, at 0x51, root
   \   union <unnamed> volatile __io _A_OCR0
   \                     _A_OCR0:
   \   00000000                      DS8 1

   \                                 In  segment ABSOLUTE, at 0x50, root
   \   union <unnamed> volatile __io _A_ASSR
   \                     _A_ASSR:
   \   00000000                      DS8 1

   \                                 In  segment ABSOLUTE, at 0x4f, root
   \   union <unnamed> volatile __io _A_TCCR1A
   \                     _A_TCCR1A:
   \   00000000                      DS8 1

   \                                 In  segment ABSOLUTE, at 0x4e, root
   \   union <unnamed> volatile __io _A_TCCR1B
   \                     _A_TCCR1B:
   \   00000000                      DS8 1

   \                                 In  segment ABSOLUTE, at 0x4c, root
   \   union <unnamed> volatile __io _A_TCNT1
   \                     _A_TCNT1:
   \   00000000                      DS8 2

   \                                 In  segment ABSOLUTE, at 0x4a, root
   \   union <unnamed> volatile __io _A_OCR1A
   \                     _A_OCR1A:
   \   00000000                      DS8 2

   \                                 In  segment ABSOLUTE, at 0x48, root
   \   union <unnamed> volatile __io _A_OCR1B
   \                     _A_OCR1B:
   \   00000000                      DS8 2

   \                                 In  segment ABSOLUTE, at 0x46, root
   \   union <unnamed> volatile __io _A_ICR1
   \                     _A_ICR1:
   \   00000000                      DS8 2

   \                                 In  segment ABSOLUTE, at 0x45, root
   \   union <unnamed> volatile __io _A_TCCR2
   \                     _A_TCCR2:
   \   00000000                      DS8 1

   \                                 In  segment ABSOLUTE, at 0x44, root
   \   union <unnamed> volatile __io _A_TCNT2
   \                     _A_TCNT2:
   \   00000000                      DS8 1

   \                                 In  segment ABSOLUTE, at 0x43, root
   \   union <unnamed> volatile __io _A_OCR2
   \                     _A_OCR2:
   \   00000000                      DS8 1

   \                                 In  segment ABSOLUTE, at 0x42, root
   \   union <unnamed> volatile __io _A_OCDR
   \                     _A_OCDR:
   \   00000000                      DS8 1

   \                                 In  segment ABSOLUTE, at 0x41, root
   \   union <unnamed> volatile __io _A_WDTCR
   \                     _A_WDTCR:
   \   00000000                      DS8 1

   \                                 In  segment ABSOLUTE, at 0x40, root
   \   union <unnamed> volatile __io _A_SFIOR
   \                     _A_SFIOR:
   \   00000000                      DS8 1

   \                                 In  segment ABSOLUTE, at 0x3e, root
   \   union <unnamed> volatile __io _A_EEAR
   \                     _A_EEAR:
   \   00000000                      DS8 2

   \                                 In  segment ABSOLUTE, at 0x3d, root
   \   union <unnamed> volatile __io _A_EEDR
   \                     _A_EEDR:
   \   00000000                      DS8 1

   \                                 In  segment ABSOLUTE, at 0x3c, root
   \   union <unnamed> volatile __io _A_EECR
   \                     _A_EECR:
   \   00000000                      DS8 1

   \                                 In  segment ABSOLUTE, at 0x3b, root
   \   union <unnamed> volatile __io _A_PORTA
   \                     _A_PORTA:
   \   00000000                      DS8 1

   \                                 In  segment ABSOLUTE, at 0x3a, root
   \   union <unnamed> volatile __io _A_DDRA
   \                     _A_DDRA:
   \   00000000                      DS8 1

   \                                 In  segment ABSOLUTE, at 0x39, root
   \   union <unnamed> volatile __io _A_PINA
   \                     _A_PINA:
   \   00000000                      DS8 1

   \                                 In  segment ABSOLUTE, at 0x38, root
   \   union <unnamed> volatile __io _A_PORTB
   \                     _A_PORTB:
   \   00000000                      DS8 1

   \                                 In  segment ABSOLUTE, at 0x37, root
   \   union <unnamed> volatile __io _A_DDRB
   \                     _A_DDRB:
   \   00000000                      DS8 1

   \                                 In  segment ABSOLUTE, at 0x36, root
   \   union <unnamed> volatile __io _A_PINB
   \                     _A_PINB:
   \   00000000                      DS8 1

   \                                 In  segment ABSOLUTE, at 0x35, root
   \   union <unnamed> volatile __io _A_PORTC
   \                     _A_PORTC:
   \   00000000                      DS8 1

   \                                 In  segment ABSOLUTE, at 0x34, root
   \   union <unnamed> volatile __io _A_DDRC
   \                     _A_DDRC:
   \   00000000                      DS8 1

   \                                 In  segment ABSOLUTE, at 0x33, root
   \   union <unnamed> volatile __io _A_PINC
   \                     _A_PINC:
   \   00000000                      DS8 1

   \                                 In  segment ABSOLUTE, at 0x32, root
   \   union <unnamed> volatile __io _A_PORTD
   \                     _A_PORTD:
   \   00000000                      DS8 1

   \                                 In  segment ABSOLUTE, at 0x31, root
   \   union <unnamed> volatile __io _A_DDRD
   \                     _A_DDRD:
   \   00000000                      DS8 1

   \                                 In  segment ABSOLUTE, at 0x30, root
   \   union <unnamed> volatile __io _A_PIND
   \                     _A_PIND:
   \   00000000                      DS8 1

   \                                 In  segment ABSOLUTE, at 0x2f, root
   \   union <unnamed> volatile __io _A_SPDR
   \                     _A_SPDR:
   \   00000000                      DS8 1

   \                                 In  segment ABSOLUTE, at 0x2e, root
   \   union <unnamed> volatile __io _A_SPSR
   \                     _A_SPSR:
   \   00000000                      DS8 1

   \                                 In  segment ABSOLUTE, at 0x2d, root
   \   union <unnamed> volatile __io _A_SPCR
   \                     _A_SPCR:
   \   00000000                      DS8 1

   \                                 In  segment ABSOLUTE, at 0x2c, root
   \   union <unnamed> volatile __io _A_UDR0
   \                     _A_UDR0:
   \   00000000                      DS8 1

   \                                 In  segment ABSOLUTE, at 0x2b, root
   \   union <unnamed> volatile __io _A_UCSR0A
   \                     _A_UCSR0A:
   \   00000000                      DS8 1

   \                                 In  segment ABSOLUTE, at 0x2a, root
   \   union <unnamed> volatile __io _A_UCSR0B
   \                     _A_UCSR0B:
   \   00000000                      DS8 1

   \                                 In  segment ABSOLUTE, at 0x29, root
   \   union <unnamed> volatile __io _A_UBRR0L
   \                     _A_UBRR0L:
   \   00000000                      DS8 1

   \                                 In  segment ABSOLUTE, at 0x28, root
   \   union <unnamed> volatile __io _A_ACSR
   \                     _A_ACSR:
   \   00000000                      DS8 1

   \                                 In  segment ABSOLUTE, at 0x27, root
   \   union <unnamed> volatile __io _A_ADMUX
   \                     _A_ADMUX:
   \   00000000                      DS8 1

   \                                 In  segment ABSOLUTE, at 0x26, root
   \   union <unnamed> volatile __io _A_ADCSRA
   \                     _A_ADCSRA:
   \   00000000                      DS8 1

   \                                 In  segment ABSOLUTE, at 0x24, root
   \   union <unnamed> volatile __io _A_ADC
   \                     _A_ADC:
   \   00000000                      DS8 2

   \                                 In  segment ABSOLUTE, at 0x23, root
   \   union <unnamed> volatile __io _A_PORTE
   \                     _A_PORTE:
   \   00000000                      DS8 1

   \                                 In  segment ABSOLUTE, at 0x22, root
   \   union <unnamed> volatile __io _A_DDRE
   \                     _A_DDRE:
   \   00000000                      DS8 1

   \                                 In  segment ABSOLUTE, at 0x21, root
   \   union <unnamed> volatile __io _A_PINE
   \                     _A_PINE:
   \   00000000                      DS8 1

   \                                 In  segment ABSOLUTE, at 0x20, root
   \   union <unnamed> volatile __io _A_PINF
   \                     _A_PINF:
   \   00000000                      DS8 1

      static __flash TDataBase CFlash::xMainDataBase;
                               ^
"D:\Projects\CurrentProjects\CautoProjects\PSS48Color\include\Platform.h",366  Warning[Pe427]: 
          qualified name is not allowed in member declaration

      static __flash TDataBaseBlockPositionData CFlash::axDataBaseBlocksPositionData[];
                                                ^
"D:\Projects\CurrentProjects\CautoProjects\PSS48Color\include\Platform.h",367  Warning[Pe427]: 
          qualified name is not allowed in member declaration

   \                                 In  segment CODE, align 2, keep-with-next
   \   __version_3 void CPlatform::LedDriverEnable1SetPinOutput()
   \                     ??LedDriverEnable1SetPinOutput:
   \   00000000   91000061           LDS     R16, 97
   \   00000004   6001               ORI     R16, 0x01
   \   00000006   93000061           STS     97, R16
   \   0000000A   9508               RET
   \   0000000C                      REQUIRE _A_DDRF

   \                                 In  segment CODE, align 2, keep-with-next
   \   __version_3 void CPlatform::LedDriverEnable1On()
   \                     ??LedDriverEnable1On:
   \   00000000   91000062           LDS     R16, 98
   \   00000004   7F0E               ANDI    R16, 0xFE
   \   00000006   93000062           STS     98, R16
   \   0000000A   9508               RET
   \   0000000C                      REQUIRE _A_PORTF

   \                                 In  segment CODE, align 2, keep-with-next
   \   __version_3 void CPlatform::LedDriverEnable2SetPinOutput()
   \                     ??LedDriverEnable2SetPinOutput:
   \   00000000   91000061           LDS     R16, 97
   \   00000004   6200               ORI     R16, 0x20
   \   00000006   93000061           STS     97, R16
   \   0000000A   9508               RET
   \   0000000C                      REQUIRE _A_DDRF

   \                                 In  segment CODE, align 2, keep-with-next
   \   __version_3 void CPlatform::LedDriverEnable2On()
   \                     ??LedDriverEnable2On:
   \   00000000   91000062           LDS     R16, 98
   \   00000004   7D0F               ANDI    R16, 0xDF
   \   00000006   93000062           STS     98, R16
   \   0000000A   9508               RET
   \   0000000C                      REQUIRE _A_PORTF

   \                                 In  segment CODE, align 2, keep-with-next
   \   __version_3 void CPlatform::LedDriverEnable3SetPinOutput()
   \                     ??LedDriverEnable3SetPinOutput:
   \   00000000   9A16               SBI     0x02, 0x06
   \   00000002   9508               RET
   \   00000004                      REQUIRE _A_DDRE

   \                                 In  segment CODE, align 2, keep-with-next
   \   __version_3 void CPlatform::LedDriverEnable3On()
   \                     ??LedDriverEnable3On:
   \   00000000   981E               CBI     0x03, 0x06
   \   00000002   9508               RET
   \   00000004                      REQUIRE _A_PORTE

   \                                 In  segment CODE, align 2, keep-with-next
   \   __version_3 void CPlatform::LedDriverEnable4SetPinOutput()
   \                     ??LedDriverEnable4SetPinOutput:
   \   00000000   9A17               SBI     0x02, 0x07
   \   00000002   9508               RET
   \   00000004                      REQUIRE _A_DDRE

   \                                 In  segment CODE, align 2, keep-with-next
   \   __version_3 void CPlatform::LedDriverEnable4On()
   \                     ??LedDriverEnable4On:
   \   00000000   981F               CBI     0x03, 0x07
   \   00000002   9508               RET
   \   00000004                      REQUIRE _A_PORTE
     10          #include "Pss21.h"

      virtual bool IsSolved(void) {};
                                   ^
"D:\Projects\CurrentProjects\CautoProjects\PSS48Color\include\Task.h",20  Warning[Pe940]: 
          missing return statement at end of non-void function
          "CTaskInterface::IsSolved"

      virtual bool IsSourceStateActive(void) {};
                                              ^
"D:\Projects\CurrentProjects\CautoProjects\PSS48Color\include\Task.h",23  Warning[Pe940]: 
          missing return statement at end of non-void function
          "CTaskInterface::IsSourceStateActive"

      bool IsSolved(void) {};
                           ^
"D:\Projects\CurrentProjects\CautoProjects\PSS48Color\include\Task.h",58  Warning[Pe940]: 
          missing return statement at end of non-void function
          "CIsRegularButtonPressedInterface::IsSolved"

      virtual bool IsSourceStateActive(void) {};
                                              ^
"D:\Projects\CurrentProjects\CautoProjects\PSS48Color\include\Task.h",61  Warning[Pe940]: 
          missing return statement at end of non-void function
          "CIsRegularButtonPressedInterface::IsSourceStateActive"

      virtual uint16_t KEY_PRESSED_TIME(void) {};
                                               ^
"D:\Projects\CurrentProjects\CautoProjects\PSS48Color\include\Task.h",63  Warning[Pe940]: 
          missing return statement at end of non-void function
          "CIsRegularButtonPressedInterface::KEY_PRESSED_TIME"
     11          
     12          //-------------------------------------------------------------------------------------------------
     13          // Массив управления драйверами светодиодов на панели.

   \                                 In  segment NEAR_Z, align 1, keep-with-next, root
   \   00000000                      REQUIRE `?<Segment init: NEAR_Z>`
     14          uint8_t CLightBoard::m_auiBoardLampsControl[m_uiBoardLedNumber];
   \                     ??m_auiBoardLampsControl:
   \   00000000                      DS8 64
     15          // Карта соответствия индекса окна на панели и индекса состояния светодиода в массиве управления.

   \                                 In  segment NEAR_F, align 1, keep-with-next, root
     16          __flash uint8_t CLightBoard::m_auiLedMap[] =
   \                     ??m_auiLedMap:
   \   00000000   3C302D201C10       DC8 48, 60, 32, 45, 16, 28, 0, 13, 49, 61, 33, 44, 17, 29, 1, 12, 52
   \              0D003D312C21
   \              1D110C0134  
   \   00000011   243E142B041E       DC8 62, 36, 43, 20, 30, 4, 11, 53, 63, 37, 42, 21, 31, 5, 10, 54, 57
   \              350B253F152A
   \              051F360A39  
   \   00000022   292619160906       DC8 38, 41, 22, 25, 6, 9, 55, 56, 39, 40, 23, 24, 7, 8
   \              383728271817
   \              0807        
     17          {
     18              // Индекс окна на панели сопоставлен с выходом драйвера управления светодиодом на схеме.
     19              // На схеме панели 4 драйвера по 16 выходов. Два драйвера на левой стороне(плата МЦП-21-24)
     20              // и два драйвера на правой стороне(плата МРИ-21-24).
     21              // Длина массива управления драйверами 16 * 4 = 64 выхода.
     22              // Последовательность адресации выходов драйверов в массиве:
     23              // (0-15) - DD1 плата МРИ-21-24, (16-31) - DD2 плата МРИ-21-24,
     24              // (32-47) - DD1 плата МЦП-21-24, (48-63) - DD2 плата МЦП-21-24.
     25              // Последовательное продвижение состояния светодиода в массиве управления идёт от
     26              // младшего адреса к старшему.
     27              // Последовательное продвижение состояния светодиода в сдвиговом регистре драйвера идёт от
     28              // младшего выхода к старшему. Поэтому, состояние светодиода по нулевому индексу в массиве управления,
     29              // после 64 сдвигов придёт на выход OUT15 драйвера DD1 платы МРИ-21-24, что соответстствует индексу окна 6.
     30              // Например: Индекс окна - 7 сопоставлен с индексом 13 в массиве управления и выходом OUT2 драйвера DD1 плата МРИ-21-24.
     31              // Например: Индекс окна - 10 сопоставлен с индексом 33 в массиве управления и выходом OUT14 драйвера DD1 плата МЦП-21-24.
     32              // Левая часть.    // Правая часть.
     33              48, 60, 32, 45,    16, 28, 0, 13,
     34              49, 61, 33, 44,    17, 29, 1, 12,
     35              52, 62, 36, 43,    20, 30, 4, 11,
     36              53, 63, 37, 42,    21, 31, 5, 10,
     37              54, 57, 38, 41,    22, 25, 6,  9,
     38              55, 56, 39, 40,    23, 24, 7,  8,
     39          };
     40          
     41          ////-----------------------------------------------------------------------------------------------------
     42          //CLightBoard::CLightBoard()
     43          //{
     44          ////    Init();
     45          //}
     46          //
     47          ////-----------------------------------------------------------------------------------------------------
     48          //CLightBoard::~CLightBoard()
     49          //{
     50          //
     51          //}
     52          
     53          //-----------------------------------------------------------------------------------------------------

   \                                 In  segment CODE, align 2, keep-with-next
     54          void CLightBoard::Init(CAlarmWindow* pxAlarmWindowControl)
   \                     ??Init:
     55          {
   \   00000000   939A               ST      -Y, R25
   \   00000002   938A               ST      -Y, R24
   \   00000004   01C8               MOVW    R25:R24, R17:R16
     56              // Включим панель.
     57              CPlatform::LedDriverEnable1On();
   \   00000006   ........           CALL    ??LedDriverEnable1On
     58              CPlatform::LedDriverEnable2On();
   \   0000000A   ........           CALL    ??LedDriverEnable2On
     59              CPlatform::LedDriverEnable3On();
   \   0000000E   ........           CALL    ??LedDriverEnable3On
     60              CPlatform::LedDriverEnable4On();
   \   00000012   ........           CALL    ??LedDriverEnable4On
     61              CPlatform::LedDriverEnable1SetPinOutput();
   \   00000016   ........           CALL    ??LedDriverEnable1SetPinOutput
     62              CPlatform::LedDriverEnable2SetPinOutput();
   \   0000001A   ........           CALL    ??LedDriverEnable2SetPinOutput
     63              CPlatform::LedDriverEnable3SetPinOutput();
   \   0000001E   ........           CALL    ??LedDriverEnable3SetPinOutput
     64              CPlatform::LedDriverEnable4SetPinOutput();
   \   00000022   ........           CALL    ??LedDriverEnable4SetPinOutput
     65          
     66              CDM134::Init();
   \   00000026   ........           CALL    ??Init_1
     67          }
   \   0000002A   9189               LD      R24, Y+
   \   0000002C   9199               LD      R25, Y+
   \   0000002E   9508               RET
     68          
     69          //-----------------------------------------------------------------------------------------------------

   \                                 In  segment CODE, align 2, keep-with-next
     70          void CLightBoard::Set(CAlarmWindow* pxAlarmWindowControl)
   \                     ??Set:
     71          {
   \   00000000   ........           CALL    ?PROLOGUE4_L09
   \   00000004   01D8               MOVW    R27:R26, R17:R16
     72              for (uint8_t i = 0;
   \   00000006   E080               LDI     R24, 0
     73                      i < ALARM_WINDOWS_NUMBER;
   \                     ??Set_2:
   \   00000008   3380               CPI     R24, 48
   \   0000000A   F538               BRCC    ??Set_3
     74                      i++)
     75              {
     76                  // Окно сигнализации активно?
     77                  if (pxAlarmWindowControl[i].GetActivityState())
   \   0000000C   2F08               MOV     R16, R24
   \   0000000E   E010               LDI     R17, 0
   \   00000010   E048               LDI     R20, 8
   \   00000012   E050               LDI     R21, 0
   \   00000014   ........           CALL    ?S_EC_MUL_L02
   \   00000018   0198               MOVW    R19:R18, R17:R16
   \   0000001A   018D               MOVW    R17:R16, R27:R26
   \   0000001C   0F02               ADD     R16, R18
   \   0000001E   1F13               ADC     R17, R19
   \   00000020   ........           CALL    ??GetActivityState
   \   00000024   2300               TST     R16
   \   00000026   F061               BREQ    ??Set_4
     78                  {
     79                      m_auiBoardLampsControl[m_auiLedMap[i]] = 1;
   \   00000028   2FE8               MOV     R30, R24
   \   0000002A   E0F0               LDI     R31, 0
   \   0000002C   ....               SUBI    R30, LOW((-(??m_auiLedMap) & 0xFFFF))
   \   0000002E   ....               SBCI    R31, (-(??m_auiLedMap) & 0xFFFF) >> 8
   \   00000030   9104               LPM     R16, Z
   \   00000032   E010               LDI     R17, 0
   \   00000034   01F8               MOVW    R31:R30, R17:R16
   \   00000036   ....               SUBI    R30, LOW((-(??m_auiBoardLampsControl) & 0xFFFF))
   \   00000038   ....               SBCI    R31, (-(??m_auiBoardLampsControl) & 0xFFFF) >> 8
   \   0000003A   E001               LDI     R16, 1
   \   0000003C   8300               ST      Z, R16
   \   0000003E   C00B               RJMP    ??Set_5
     80                  }
     81                  else
     82                  {
     83                      m_auiBoardLampsControl[m_auiLedMap[i]] = 0;
   \                     ??Set_4:
   \   00000040   2FE8               MOV     R30, R24
   \   00000042   E0F0               LDI     R31, 0
   \   00000044   ....               SUBI    R30, LOW((-(??m_auiLedMap) & 0xFFFF))
   \   00000046   ....               SBCI    R31, (-(??m_auiLedMap) & 0xFFFF) >> 8
   \   00000048   9104               LPM     R16, Z
   \   0000004A   E010               LDI     R17, 0
   \   0000004C   01F8               MOVW    R31:R30, R17:R16
   \   0000004E   ....               SUBI    R30, LOW((-(??m_auiBoardLampsControl) & 0xFFFF))
   \   00000050   ....               SBCI    R31, (-(??m_auiBoardLampsControl) & 0xFFFF) >> 8
   \   00000052   E000               LDI     R16, 0
   \   00000054   8300               ST      Z, R16
     84                  }
     85              }
   \                     ??Set_5:
   \   00000056   9583               INC     R24
   \   00000058   CFD7               RJMP    ??Set_2
     86          
     87              // Зажжём активные светодиоды.
     88              CDM134::Set(m_auiBoardLampsControl, m_uiBoardLedNumber);
   \                     ??Set_3:
   \   0000005A   E420               LDI     R18, 64
   \   0000005C   ....               LDI     R16, LOW(??m_auiBoardLampsControl)
   \   0000005E   ....               LDI     R17, (??m_auiBoardLampsControl) >> 8
   \   00000060   ........           CALL    ??Set_1
     89          }
   \   00000064   E0E4               LDI     R30, 4
   \   00000066   ........           JMP     ?EPILOGUE_B4_L09
     90          
     91          
     92          
     93          
     94          
     95          
     96          
     97          
     98          
     99          
    100          
    101          
    102          ////-----------------------------------------------------------------------------------------------------
    103          ////  Source      : FileName.cpp
    104          ////  Created     : 01.06.2022
    105          ////  Author      : Alexandr Volvenkin
    106          ////  email       : aav-36@mail.ru
    107          ////  GitHub      : https://github.com/AlexandrVolvenkin
    108          ////-----------------------------------------------------------------------------------------------------
    109          //#include "LightBoard.h"
    110          //#include "Platform.h"
    111          //#include "Pss21.h"
    112          //#include "Dm163.h"
    113          //
    114          ////-------------------------------------------------------------------------------------------------
    115          //// Массив управления драйверами светодиодов на панели.
    116          //uint8_t CLightBoard::m_auiBoardLampsControl[m_uiBoardLedNumber];
    117          //// Карта соответствия индекса окна на панели и индекса состояния светодиода в массиве управления.
    118          //__flash uint8_t CLightBoard::m_auiLedMap[] =
    119          //{
    120          ////    // Левая часть.    // Правая часть.
    121          ////    0, 0, 0, 0,    0, 0, 0, 0,
    122          ////    1, 1, 1, 1,    1, 1, 1, 1,
    123          ////    1, 1, 1, 1,    1, 1, 1, 1,
    124          ////    1, 1, 1, 1,    1, 1, 1, 1,
    125          ////    1, 1, 1, 1,    1, 1, 1, 1,
    126          ////    1, 1, 1, 1,    1, 1, 1, 1,
    127          //
    128          ////    // Левая часть.    // Правая часть.
    129          ////    47, 33, 40, 32,    23, 9, 16, 8,
    130          ////    48, 34, 39, 31,    24, 10, 15, 7,
    131          ////    41, 35, 38, 39,    17, 11, 14, 6,
    132          ////    42, 36, 37, 29,    18, 12, 13, 5,
    133          ////    43, 46, 25, 28,    19, 22, 1, 4,
    134          ////    44, 45, 26, 27,    20, 21, 2, 3,
    135          //
    136          ////    // Левая часть.    // Правая часть.
    137          ////    0,  0,  0,  0,     0,  0,  0,  0,
    138          ////    0,  0,  0,  0,     0,  0,  0,  0,
    139          ////    0,  0,  0,  0,     0,  0,  0,  0,
    140          ////    0,  0,  0,  0,     0,  0,  0,  0,
    141          ////    0,  0,  0,  0,     0,  0,  0,  0,
    142          ////    0,  0,  0,  0,     0,  0,  0,  0,
    143          //
    144          //    // Левая часть.    // Правая часть.
    145          //    38,  46,  47,  39,    31,  23,  15,  7,
    146          //    5,   13,  21,  29,    30,  22,  14,  6,
    147          //    20,  28,  36,  44,    45,  37,  4,  12,
    148          //    34,  42,  43,  35,    27,  19,  11,  3,
    149          //    1,    9,  17,  25,    26,  18,  10,  2,
    150          //    16,  24,  32,  40,    41,  33,  0,  8,
    151          //
    152          ////-----------------------------------------------------------------------------------------------------
    153          ////карта индекс в массиве - позиция лампы: 1 - 75 - xy x - 7, y - 5.
    154          //// 1 - первый элемент в массиве, адрес - 0.
    155          ////1 - 75
    156          ////2 -76
    157          ////3 86
    158          ////4-85
    159          ////5-84
    160          ////6-83
    161          ////7-82
    162          ////8-81
    163          ////
    164          ////9-61
    165          ////10-62
    166          ////11-63
    167          ////12-64
    168          ////13-74
    169          ////14-73
    170          ////15-72
    171          ////16-71
    172          ////
    173          ////17- 53
    174          ////18-54
    175          ////19-55
    176          ////20- 56
    177          ////21-66
    178          ////22-65
    179          ////23-51
    180          ////24-52
    181          ////
    182          ////25-35
    183          ////26-36
    184          ////27-46
    185          ////28-45
    186          ////29-44
    187          ////30- 43
    188          ////31--42
    189          ////32-41
    190          ////
    191          ////33-21
    192          ////34-22
    193          ////35-23
    194          ////36-24
    195          ////37-34
    196          ////38-33
    197          ////39-32
    198          ////40-31
    199          ////
    200          ////41-13
    201          ////42-14
    202          ////43-15
    203          ////44-16
    204          ////45-26
    205          ////46-25
    206          ////47-11
    207          ////48-12
    208          //////-----------------------------------------------------------------------------------------------------
    209          ////
    210          ////41-13
    211          ////42-14
    212          ////43-15
    213          ////44-16
    214          ////45-26
    215          ////46-25
    216          ////47-11
    217          ////48-12
    218          ////    // Левая часть.    // Правая часть.
    219          ////    38,  46,  47,  39,    31,  23,  15,  7,
    220          ////    5,   13,  21,  29,    30,  22,  14,  6,
    221          ////    20,  28,  36,  44,    45,  37,  4,  12,
    222          ////    34,  42,  43,  35,    27,  19,  11,  3,
    223          ////    1,    9,  17,  25,    26,  18,  10,  2,
    224          ////    16,  24,  32,  40,    41,  33,  0,  8,
    225          ////
    226          ////     1  | 2  | 3  | 4     5  | 6  | 7  | 8  |
    227          ////---------------------------------------------
    228          ////1  | 0  | 1  | 2  | 3     4  | 5  | 6  | 7  |
    229          ////---------------------------------------------
    230          ////2  | 8  | 9  | 10 | 11    12 | 13 | 14 | 15 |
    231          ////---------------------------------------------
    232          ////3  | 16 | 17 | 18 | 19    20 | 21 | 22 | 23 |
    233          ////---------------------------------------------
    234          ////4  | 24 | 25 | 26 | 27    28 | 29 | 30 | 31 |
    235          ////---------------------------------------------
    236          ////5  | 32 | 33 | 34 | 35    36 | 37 | 38 | 39 |
    237          ////---------------------------------------------
    238          ////6  | 40 | 41 | 42 | 43    44 | 45 | 46 | 47 |
    239          ////---------------------------------------------
    240          //};
    241          //
    242          //// разведено на плате:
    243          //// b
    244          //// r
    245          //// g
    246          //
    247          //__flash TPixelColorData CLightBoard::m_xPixelColorCorrectionData =
    248          //{
    249          //    63,
    250          //    63,
    251          //    63,
    252          //};
    253          //
    254          //__flash TPixelColorData CLightBoard::m_xPixelColorBlack =
    255          //{
    256          //    0,
    257          //    0,
    258          //    0,
    259          //};
    260          //
    261          //__flash TPixelColorData CLightBoard::m_xPixelColorRed =
    262          //{
    263          //    0,
    264          //    0,
    265          //    255,
    266          //};
    267          //
    268          //__flash TPixelColorData CLightBoard::m_xPixelColorGreen =
    269          //{
    270          //    0,
    271          //    255,
    272          //    0,
    273          //};
    274          //
    275          //__flash TPixelColorData CLightBoard::m_xPixelColorBlue =
    276          //{
    277          //    255,
    278          //    0,
    279          //    0,
    280          //};
    281          //
    282          //__flash TPixelColorData CLightBoard::m_xPixelColorYellow =
    283          //{
    284          //    0,
    285          //    255,
    286          //    255,
    287          //};
    288          //
    289          //__flash TPixelColorData CLightBoard::m_xPixelColorWhite =
    290          //{
    291          //    255,
    292          //    255,
    293          //    255,
    294          //};
    295          //
    296          //////-----------------------------------------------------------------------------------------------------
    297          ////CLightBoard::CLightBoard()
    298          ////{
    299          //////    Init();
    300          ////}
    301          ////
    302          //////-----------------------------------------------------------------------------------------------------
    303          ////CLightBoard::~CLightBoard()
    304          ////{
    305          ////
    306          ////}
    307          //
    308          ////-----------------------------------------------------------------------------------------------------
    309          //void CLightBoard::Init(CAlarmWindow* pxAlarmWindowControl)
    310          //{
    311          ////    // Включим панель.
    312          ////    CPlatform::LedDriverEnable1On();
    313          ////    CPlatform::LedDriverEnable2On();
    314          ////    CPlatform::LedDriverEnable3On();
    315          ////    CPlatform::LedDriverEnable4On();
    316          ////    CPlatform::LedDriverEnable1SetPinOutput();
    317          ////    CPlatform::LedDriverEnable2SetPinOutput();
    318          ////    CPlatform::LedDriverEnable3SetPinOutput();
    319          ////    CPlatform::LedDriverEnable4SetPinOutput();
    320          //
    321          ////    CDM134::Init();
    322          //    CDm163::Init();
    323          //}
    324          //
    325          //////-----------------------------------------------------------------------------------------------------
    326          ////void CLightBoard::Set(CAlarmWindow* pxAlarmWindowControl)
    327          ////{
    328          ////    for (uint8_t i = 0;
    329          ////            i < ALARM_WINDOWS_NUMBER;
    330          ////            i++)
    331          ////    {
    332          ////        // Окно сигнализации активно?
    333          ////        if (pxAlarmWindowControl[i].GetActivityState())
    334          ////        {
    335          ////            m_auiBoardLampsControl[m_auiLedMap[i]] = 1;
    336          ////        }
    337          ////        else
    338          ////        {
    339          ////            m_auiBoardLampsControl[m_auiLedMap[i]] = 0;
    340          ////        }
    341          ////
    342          //////        CPss21::m_aucRtuHoldingRegistersArray[i] = pxAlarmWindowControl[i].GetActivityState();
    343          ////    };
    344          ////
    345          ////    // Зажжём активные светодиоды.
    346          ////    CDM134::Set(m_auiBoardLampsControl, m_uiBoardLedNumber);
    347          ////}
    348          //
    349          ////-----------------------------------------------------------------------------------------------------
    350          //void CLightBoard::Set(CAlarmWindow* pxAlarmWindowControl)
    351          //{
    352          ////    return;
    353          //    CDm163::Reset();
    354          //    // передадим данные коррекции - банк0
    355          //    for (uint8_t i = 0;
    356          //            i < BOARD_LED_NUMBER;
    357          //            i++)
    358          //    {
    359          //        CPss48BoardPixel::SetCorrection(&m_xPixelColorCorrectionData);
    360          //    };
    361          //
    362          //    for (uint8_t i = 0;
    363          //            i < BOARD_LED_NUMBER;
    364          //            i++)
    365          //    {
    366          //        // Окно сигнализации активно?
    367          //        if (pxAlarmWindowControl[m_auiLedMap[i]].GetActivityState())
    368          ////        if (pxAlarmWindowControl[i].GetActivityState())
    369          //        {
    370          ////        CPss21::m_aucRtuHoldingRegistersArray[1] = i;
    371          ////        CPss21::m_aucRtuHoldingRegistersArray[2] = m_auiLedMap[i];
    372          ////        CPss21::m_aucRtuHoldingRegistersArray[3] = pxAlarmWindowControl[i].GetAlarmType();
    373          ////            switch (pxAlarmWindowControl[i].GetAlarmType())
    374          ////            switch (pxAlarmWindowControl[m_auiLedMap[i]].GetAlarmType())
    375          //            switch (pxAlarmWindowControl[m_auiLedMap[i]].GetAlarmColor())
    376          //            {
    377          //            case INDICATION:
    378          //                CPss48BoardPixel::SetData(&m_xPixelColorGreen);
    379          //                break;
    380          //
    381          //            case PREVENTIVE:
    382          //                CPss48BoardPixel::SetData(&m_xPixelColorYellow);
    383          //                break;
    384          //
    385          //            case EMERGENCY:
    386          //                CPss48BoardPixel::SetData(&m_xPixelColorRed);
    387          //                break;
    388          //
    389          //            case NAMUR_INDICATION:
    390          //                CPss48BoardPixel::SetData(&m_xPixelColorBlue);
    391          //                break;
    392          //
    393          //            case ERROR:
    394          //                CPss48BoardPixel::SetData(&m_xPixelColorWhite);
    395          //                break;
    396          //
    397          //            default:
    398          //                CPss48BoardPixel::SetData(&m_xPixelColorBlack);
    399          //                break;
    400          //            }
    401          //
    402          //        }
    403          //        else
    404          //        {
    405          //            CPss48BoardPixel::SetData(&m_xPixelColorBlack);
    406          //        }
    407          //    };
    408          //
    409          //    CPins::SetPinLAT_B();
    410          //    CDm163::PulseDelayLAT_B();
    411          //    CPins::ClearPinLAT_B();
    412          //    CPins::ClearPinEN_B();
    413          //}
    414          //
    415          //
    416          ////        CPss21::m_aucRtuHoldingRegistersArray[0] = pxAlarmWindowControl[i].GetActivityState();

   Maximum stack usage in bytes:

   CSTACK RSTACK Function
   ------ ------ --------
      0      2   CAlarmWindow::GetActivityState()
      2      2   CLightBoard::Init(CAlarmWindow *)
        2      2   -> CDM134::Init()
        2      2   -> CPlatform::LedDriverEnable1On()
        2      2   -> CPlatform::LedDriverEnable1SetPinOutput()
        2      2   -> CPlatform::LedDriverEnable2On()
        2      2   -> CPlatform::LedDriverEnable2SetPinOutput()
        2      2   -> CPlatform::LedDriverEnable3On()
        2      2   -> CPlatform::LedDriverEnable3SetPinOutput()
        2      2   -> CPlatform::LedDriverEnable4On()
        2      2   -> CPlatform::LedDriverEnable4SetPinOutput()
      4      2   CLightBoard::Set(CAlarmWindow *)
        4      2   -> CAlarmWindow::GetActivityState()
        4      2   -> CDM134::Set(uint8_t *, uint8_t)
        4      2 ?S_EC_MUL_L02
      0      2   CPlatform::LedDriverEnable1On()
      0      2   CPlatform::LedDriverEnable1SetPinOutput()
      0      2   CPlatform::LedDriverEnable2On()
      0      2   CPlatform::LedDriverEnable2SetPinOutput()
      0      2   CPlatform::LedDriverEnable3On()
      0      2   CPlatform::LedDriverEnable3SetPinOutput()
      0      2   CPlatform::LedDriverEnable4On()
      0      2   CPlatform::LedDriverEnable4SetPinOutput()


   Segment part sizes:

   Bytes  Function/Label
   -----  --------------
       6  CAlarmWindow::GetActivityState()
      48  CLightBoard::Init(CAlarmWindow *)
     106  CLightBoard::Set(CAlarmWindow *)
      64  CLightBoard::m_auiBoardLampsControl
      48  CLightBoard::m_auiLedMap
      12  CPlatform::LedDriverEnable1On()
      12  CPlatform::LedDriverEnable1SetPinOutput()
      12  CPlatform::LedDriverEnable2On()
      12  CPlatform::LedDriverEnable2SetPinOutput()
       4  CPlatform::LedDriverEnable3On()
       4  CPlatform::LedDriverEnable3SetPinOutput()
       4  CPlatform::LedDriverEnable4On()
       4  CPlatform::LedDriverEnable4SetPinOutput()
       1  _A_ACSR
       2  _A_ADC
       1  _A_ADCSRA
       1  _A_ADMUX
       1  _A_ASSR
       1  _A_DDRA
       1  _A_DDRB
       1  _A_DDRC
       1  _A_DDRD
       1  _A_DDRE
       1  _A_DDRF
       1  _A_DDRG
       2  _A_EEAR
       1  _A_EECR
       1  _A_EEDR
       1  _A_EICRA
       1  _A_EICRB
       1  _A_EIFR
       1  _A_EIMSK
       1  _A_ETIFR
       1  _A_ETIMSK
       2  _A_ICR1
       2  _A_ICR3
       1  _A_MCUCR
       1  _A_MCUCSR
       1  _A_OCDR
       1  _A_OCR0
       2  _A_OCR1A
       2  _A_OCR1B
       2  _A_OCR1C
       1  _A_OCR2
       2  _A_OCR3A
       2  _A_OCR3B
       2  _A_OCR3C
       1  _A_OSCCAL
       1  _A_PINA
       1  _A_PINB
       1  _A_PINC
       1  _A_PIND
       1  _A_PINE
       1  _A_PINF
       1  _A_PING
       1  _A_PORTA
       1  _A_PORTB
       1  _A_PORTC
       1  _A_PORTD
       1  _A_PORTE
       1  _A_PORTF
       1  _A_PORTG
       1  _A_RAMPZ
       1  _A_SFIOR
       2  _A_SP
       1  _A_SPCR
       1  _A_SPDR
       1  _A_SPMCSR
       1  _A_SPSR
       1  _A_SREG
       1  _A_TCCR0
       1  _A_TCCR1A
       1  _A_TCCR1B
       1  _A_TCCR1C
       1  _A_TCCR2
       1  _A_TCCR3A
       1  _A_TCCR3B
       1  _A_TCCR3C
       1  _A_TCNT0
       2  _A_TCNT1
       1  _A_TCNT2
       2  _A_TCNT3
       1  _A_TIFR
       1  _A_TIMSK
       1  _A_TWAR
       1  _A_TWBR
       1  _A_TWCR
       1  _A_TWDR
       1  _A_TWSR
       1  _A_UBRR0H
       1  _A_UBRR0L
       1  _A_UBRR1H
       1  _A_UBRR1L
       1  _A_UCSR0A
       1  _A_UCSR0B
       1  _A_UCSR0C
       1  _A_UCSR1A
       1  _A_UCSR1B
       1  _A_UCSR1C
       1  _A_UDR0
       1  _A_UDR1
       1  _A_WDTCR
       1  _A_XDIV
       1  _A_XMCRA
       1  _A_XMCRB
      29  -- Other

 
 105 bytes in segment ABSOLUTE
 224 bytes in segment CODE
   7 bytes in segment INITTAB
  70 bytes in segment NEAR_F
  64 bytes in segment NEAR_Z
 
 224 bytes of CODE memory (+  77 bytes shared)
  64 bytes of DATA memory (+ 105 bytes shared)

Errors: none
Warnings: 7
