###############################################################################
#
# IAR C/C++ Compiler V7.10.6.1378 for Atmel AVR           06/Oct/2024  06:02:34
# Copyright 1996-2018 IAR Systems AB.
#
#    Source file  =  
#        D:\Projects\CurrentProjects\CautoProjects\PSS48Color\src\Pixel.cpp
#    Command line =  
#        -f C:\Users\Admin\AppData\Local\Temp\EW3ACE.tmp
#        (--string_literals_in_flash
#        D:\Projects\CurrentProjects\CautoProjects\PSS48Color\src\Pixel.cpp
#        --cpu=m128a -ms -o
#        D:\Projects\CurrentProjects\CautoProjects\PSS48Color\Debug\Obj -lC
#        D:\Projects\CurrentProjects\CautoProjects\PSS48Color\Debug\List -lB
#        D:\Projects\CurrentProjects\CautoProjects\PSS48Color\Debug\List -y
#        --initializers_in_flash --root_variables --no_cse --no_inline
#        --no_code_motion --no_cross_call --no_clustering --no_tbaa --debug
#        -DENABLE_BIT_DEFINITIONS -e -I
#        D:\Projects\CurrentProjects\CautoProjects\PSS48Color\Modbus\ -I
#        D:\Projects\CurrentProjects\CautoProjects\PSS48Color\include\
#        --eeprom_size 4096 --dlib --dlib_config "C:\Program Files (x86)\IAR
#        Systems\Embedded Workbench 8.0\avr\LIB\DLIB\dlAVR-3s-ec_mul-n.h" -On
#        --eec++)
#    Locale       =  Russian_RUS.1251
#    List file    =  
#        D:\Projects\CurrentProjects\CautoProjects\PSS48Color\Debug\List\Pixel.lst
#    Object file  =  
#        D:\Projects\CurrentProjects\CautoProjects\PSS48Color\Debug\Obj\Pixel.r90
#
###############################################################################

D:\Projects\CurrentProjects\CautoProjects\PSS48Color\src\Pixel.cpp
      1          //-----------------------------------------------------------------------------------------------------
      2          //  Source      : FileName.cpp
      3          //  Created     : 01.06.2022
      4          //  Author      : Alexandr Volvenkin
      5          //  email       : aav-36@mail.ru
      6          //  GitHub      : https://github.com/AlexandrVolvenkin
      7          //-----------------------------------------------------------------------------------------------------
      8          #include "Pixel.h"

      static __flash TDataBase CFlash::xMainDataBase;
                               ^
"D:\Projects\CurrentProjects\CautoProjects\PSS48Color\include\Platform.h",366  Warning[Pe427]: 
          qualified name is not allowed in member declaration

      static __flash TDataBaseBlockPositionData CFlash::axDataBaseBlocksPositionData[];
                                                ^
"D:\Projects\CurrentProjects\CautoProjects\PSS48Color\include\Platform.h",367  Warning[Pe427]: 
          qualified name is not allowed in member declaration
      9          //#include "Dm163.h"
     10          
     11          ////-----------------------------------------------------------------------------------------------------
     12          //CPixel::CPixel()
     13          //{
     14          //    //ctor
     15          //}
     16          //
     17          ////-----------------------------------------------------------------------------------------------------
     18          //CPixel::~CPixel()
     19          //{
     20          //    //dtor
     21          //}
     22          
     23          //-----------------------------------------------------------------------------------------------------
     24          
     25          
     26          
     27          
     28          ////-----------------------------------------------------------------------------------------------------
     29          //CPss48BoardPixel::CPss48BoardPixel()
     30          //{
     31          //    //ctor
     32          //}
     33          //
     34          ////-----------------------------------------------------------------------------------------------------
     35          //CPss48BoardPixel::~CPss48BoardPixel()
     36          //{
     37          //    //dtor
     38          //}
     39          
     40          //-----------------------------------------------------------------------------------------------------
     41          void CPss48BoardPixel::SetCorrection(TPixelColorData __farflash* pxPixelData)
     42          {
     43              CDm163::SetBank0(pxPixelData -> uiRedData);
                     ^
Error[Pe276]: name followed by "::" must be a class or namespace name
     44              CDm163::SetBank0(pxPixelData -> uiGreenData);
                     ^
Error[Pe276]: name followed by "::" must be a class or namespace name
     45              CDm163::SetBank0(pxPixelData -> uiBlueData);
                     ^
Error[Pe276]: name followed by "::" must be a class or namespace name
     46          }
     47          
     48          //-----------------------------------------------------------------------------------------------------
     49          void CPss48BoardPixel::SetData(TPixelColorData __farflash* pxPixelData)
     50          {
     51              CDm163::SetBank1(pxPixelData -> uiRedData);
                     ^
Error[Pe276]: name followed by "::" must be a class or namespace name
     52              CDm163::SetBank1(pxPixelData -> uiGreenData);
                     ^
Error[Pe276]: name followed by "::" must be a class or namespace name
     53              CDm163::SetBank1(pxPixelData -> uiBlueData);
                     ^
Error[Pe276]: name followed by "::" must be a class or namespace name
     54          }
     55          

Errors: 6
Warnings: 2
