###############################################################################
#
# IAR C/C++ Compiler V7.10.6.1378 for Atmel AVR           13/Sep/2024  00:53:29
# Copyright 1996-2018 IAR Systems AB.
#
#    Source file  =  
#        D:\Projects\CurrentProjects\CautoProjects\PSS48Color\src\Timer.cpp
#    Command line =  
#        -f C:\Users\Admin\AppData\Local\Temp\EW8D7E.tmp
#        (--string_literals_in_flash
#        D:\Projects\CurrentProjects\CautoProjects\PSS48Color\src\Timer.cpp
#        --cpu=m128a -ms -o
#        D:\Projects\CurrentProjects\CautoProjects\PSS48Color\Debug\Obj -lC
#        D:\Projects\CurrentProjects\CautoProjects\PSS48Color\Debug\List -lB
#        D:\Projects\CurrentProjects\CautoProjects\PSS48Color\Debug\List -y
#        --initializers_in_flash --root_variables --no_cse --no_inline
#        --no_code_motion --no_cross_call --no_clustering --no_tbaa --debug
#        -DENABLE_BIT_DEFINITIONS -e -I
#        D:\Projects\CurrentProjects\CautoProjects\PSS48Color\Modbus\ -I
#        D:\Projects\CurrentProjects\CautoProjects\PSS48Color\include\
#        --eeprom_size 4096 --dlib --dlib_config "C:\Program Files (x86)\IAR
#        Systems\Embedded Workbench 8.0\avr\LIB\DLIB\dlAVR-3s-ec_mul-n.h" -On
#        --eec++)
#    Locale       =  Russian_RUS.1251
#    List file    =  
#        D:\Projects\CurrentProjects\CautoProjects\PSS48Color\Debug\List\Timer.lst
#    Object file  =  
#        D:\Projects\CurrentProjects\CautoProjects\PSS48Color\Debug\Obj\Timer.r90
#
###############################################################################

D:\Projects\CurrentProjects\CautoProjects\PSS48Color\src\Timer.cpp
      1          //-----------------------------------------------------------------------------------------------------
      2          //  Source      : FileName.cpp
      3          //  Created     : 01.06.2022
      4          //  Author      : Alexandr Volvenkin
      5          //  email       : aav-36@mail.ru
      6          //  GitHub      : https://github.com/AlexandrVolvenkin
      7          //-----------------------------------------------------------------------------------------------------
      8          
      9          #include "Platform.h"

   \                                 In  segment ABSOLUTE, at 0x9d, root
   \   union <unnamed> volatile __io _A_UCSR1C
   \                     _A_UCSR1C:
   \   00000000                      DS8 1

   \                                 In  segment ABSOLUTE, at 0x9c, root
   \   union <unnamed> volatile __io _A_UDR1
   \                     _A_UDR1:
   \   00000000                      DS8 1

   \                                 In  segment ABSOLUTE, at 0x9b, root
   \   union <unnamed> volatile __io _A_UCSR1A
   \                     _A_UCSR1A:
   \   00000000                      DS8 1

   \                                 In  segment ABSOLUTE, at 0x9a, root
   \   union <unnamed> volatile __io _A_UCSR1B
   \                     _A_UCSR1B:
   \   00000000                      DS8 1

   \                                 In  segment ABSOLUTE, at 0x99, root
   \   union <unnamed> volatile __io _A_UBRR1L
   \                     _A_UBRR1L:
   \   00000000                      DS8 1

   \                                 In  segment ABSOLUTE, at 0x98, root
   \   union <unnamed> volatile __io _A_UBRR1H
   \                     _A_UBRR1H:
   \   00000000                      DS8 1

   \                                 In  segment ABSOLUTE, at 0x95, root
   \   union <unnamed> volatile __io _A_UCSR0C
   \                     _A_UCSR0C:
   \   00000000                      DS8 1

   \                                 In  segment ABSOLUTE, at 0x90, root
   \   union <unnamed> volatile __io _A_UBRR0H
   \                     _A_UBRR0H:
   \   00000000                      DS8 1

   \                                 In  segment ABSOLUTE, at 0x8c, root
   \   union <unnamed> volatile __io _A_TCCR3C
   \                     _A_TCCR3C:
   \   00000000                      DS8 1

   \                                 In  segment ABSOLUTE, at 0x8b, root
   \   union <unnamed> volatile __io _A_TCCR3A
   \                     _A_TCCR3A:
   \   00000000                      DS8 1

   \                                 In  segment ABSOLUTE, at 0x8a, root
   \   union <unnamed> volatile __io _A_TCCR3B
   \                     _A_TCCR3B:
   \   00000000                      DS8 1

   \                                 In  segment ABSOLUTE, at 0x88, root
   \   union <unnamed> volatile __io _A_TCNT3
   \                     _A_TCNT3:
   \   00000000                      DS8 2

   \                                 In  segment ABSOLUTE, at 0x86, root
   \   union <unnamed> volatile __io _A_OCR3A
   \                     _A_OCR3A:
   \   00000000                      DS8 2

   \                                 In  segment ABSOLUTE, at 0x84, root
   \   union <unnamed> volatile __io _A_OCR3B
   \                     _A_OCR3B:
   \   00000000                      DS8 2

   \                                 In  segment ABSOLUTE, at 0x82, root
   \   union <unnamed> volatile __io _A_OCR3C
   \                     _A_OCR3C:
   \   00000000                      DS8 2

   \                                 In  segment ABSOLUTE, at 0x80, root
   \   union <unnamed> volatile __io _A_ICR3
   \                     _A_ICR3:
   \   00000000                      DS8 2

   \                                 In  segment ABSOLUTE, at 0x7d, root
   \   union <unnamed> volatile __io _A_ETIMSK
   \                     _A_ETIMSK:
   \   00000000                      DS8 1

   \                                 In  segment ABSOLUTE, at 0x7c, root
   \   union <unnamed> volatile __io _A_ETIFR
   \                     _A_ETIFR:
   \   00000000                      DS8 1

   \                                 In  segment ABSOLUTE, at 0x7a, root
   \   union <unnamed> volatile __io _A_TCCR1C
   \                     _A_TCCR1C:
   \   00000000                      DS8 1

   \                                 In  segment ABSOLUTE, at 0x78, root
   \   union <unnamed> volatile __io _A_OCR1C
   \                     _A_OCR1C:
   \   00000000                      DS8 2

   \                                 In  segment ABSOLUTE, at 0x74, root
   \   union <unnamed> volatile __io _A_TWCR
   \                     _A_TWCR:
   \   00000000                      DS8 1

   \                                 In  segment ABSOLUTE, at 0x73, root
   \   union <unnamed> volatile __io _A_TWDR
   \                     _A_TWDR:
   \   00000000                      DS8 1

   \                                 In  segment ABSOLUTE, at 0x72, root
   \   union <unnamed> volatile __io _A_TWAR
   \                     _A_TWAR:
   \   00000000                      DS8 1

   \                                 In  segment ABSOLUTE, at 0x71, root
   \   union <unnamed> volatile __io _A_TWSR
   \                     _A_TWSR:
   \   00000000                      DS8 1

   \                                 In  segment ABSOLUTE, at 0x70, root
   \   union <unnamed> volatile __io _A_TWBR
   \                     _A_TWBR:
   \   00000000                      DS8 1

   \                                 In  segment ABSOLUTE, at 0x6f, root
   \   union <unnamed> volatile __io _A_OSCCAL
   \                     _A_OSCCAL:
   \   00000000                      DS8 1

   \                                 In  segment ABSOLUTE, at 0x6d, root
   \   union <unnamed> volatile __io _A_XMCRA
   \                     _A_XMCRA:
   \   00000000                      DS8 1

   \                                 In  segment ABSOLUTE, at 0x6c, root
   \   union <unnamed> volatile __io _A_XMCRB
   \                     _A_XMCRB:
   \   00000000                      DS8 1

   \                                 In  segment ABSOLUTE, at 0x6a, root
   \   union <unnamed> volatile __io _A_EICRA
   \                     _A_EICRA:
   \   00000000                      DS8 1

   \                                 In  segment ABSOLUTE, at 0x68, root
   \   union <unnamed> volatile __io _A_SPMCSR
   \                     _A_SPMCSR:
   \   00000000                      DS8 1

   \                                 In  segment ABSOLUTE, at 0x65, root
   \   union <unnamed> volatile __io _A_PORTG
   \                     _A_PORTG:
   \   00000000                      DS8 1

   \                                 In  segment ABSOLUTE, at 0x64, root
   \   union <unnamed> volatile __io _A_DDRG
   \                     _A_DDRG:
   \   00000000                      DS8 1

   \                                 In  segment ABSOLUTE, at 0x63, root
   \   union <unnamed> volatile __io _A_PING
   \                     _A_PING:
   \   00000000                      DS8 1

   \                                 In  segment ABSOLUTE, at 0x62, root
   \   union <unnamed> volatile __io _A_PORTF
   \                     _A_PORTF:
   \   00000000                      DS8 1

   \                                 In  segment ABSOLUTE, at 0x61, root
   \   union <unnamed> volatile __io _A_DDRF
   \                     _A_DDRF:
   \   00000000                      DS8 1

   \                                 In  segment ABSOLUTE, at 0x5f, root
   \   union <unnamed> volatile __io _A_SREG
   \                     _A_SREG:
   \   00000000                      DS8 1

   \                                 In  segment ABSOLUTE, at 0x5d, root
   \   union <unnamed> volatile __io _A_SP
   \                     _A_SP:
   \   00000000                      DS8 2

   \                                 In  segment ABSOLUTE, at 0x5c, root
   \   union <unnamed> volatile __io _A_XDIV
   \                     _A_XDIV:
   \   00000000                      DS8 1

   \                                 In  segment ABSOLUTE, at 0x5b, root
   \   union <unnamed> volatile __io _A_RAMPZ
   \                     _A_RAMPZ:
   \   00000000                      DS8 1

   \                                 In  segment ABSOLUTE, at 0x5a, root
   \   union <unnamed> volatile __io _A_EICRB
   \                     _A_EICRB:
   \   00000000                      DS8 1

   \                                 In  segment ABSOLUTE, at 0x59, root
   \   union <unnamed> volatile __io _A_EIMSK
   \                     _A_EIMSK:
   \   00000000                      DS8 1

   \                                 In  segment ABSOLUTE, at 0x58, root
   \   union <unnamed> volatile __io _A_EIFR
   \                     _A_EIFR:
   \   00000000                      DS8 1

   \                                 In  segment ABSOLUTE, at 0x57, root
   \   union <unnamed> volatile __io _A_TIMSK
   \                     _A_TIMSK:
   \   00000000                      DS8 1

   \                                 In  segment ABSOLUTE, at 0x56, root
   \   union <unnamed> volatile __io _A_TIFR
   \                     _A_TIFR:
   \   00000000                      DS8 1

   \                                 In  segment ABSOLUTE, at 0x55, root
   \   union <unnamed> volatile __io _A_MCUCR
   \                     _A_MCUCR:
   \   00000000                      DS8 1

   \                                 In  segment ABSOLUTE, at 0x54, root
   \   union <unnamed> volatile __io _A_MCUCSR
   \                     _A_MCUCSR:
   \   00000000                      DS8 1

   \                                 In  segment ABSOLUTE, at 0x53, root
   \   union <unnamed> volatile __io _A_TCCR0
   \                     _A_TCCR0:
   \   00000000                      DS8 1

   \                                 In  segment ABSOLUTE, at 0x52, root
   \   union <unnamed> volatile __io _A_TCNT0
   \                     _A_TCNT0:
   \   00000000                      DS8 1

   \                                 In  segment ABSOLUTE, at 0x51, root
   \   union <unnamed> volatile __io _A_OCR0
   \                     _A_OCR0:
   \   00000000                      DS8 1

   \                                 In  segment ABSOLUTE, at 0x50, root
   \   union <unnamed> volatile __io _A_ASSR
   \                     _A_ASSR:
   \   00000000                      DS8 1

   \                                 In  segment ABSOLUTE, at 0x4f, root
   \   union <unnamed> volatile __io _A_TCCR1A
   \                     _A_TCCR1A:
   \   00000000                      DS8 1

   \                                 In  segment ABSOLUTE, at 0x4e, root
   \   union <unnamed> volatile __io _A_TCCR1B
   \                     _A_TCCR1B:
   \   00000000                      DS8 1

   \                                 In  segment ABSOLUTE, at 0x4c, root
   \   union <unnamed> volatile __io _A_TCNT1
   \                     _A_TCNT1:
   \   00000000                      DS8 2

   \                                 In  segment ABSOLUTE, at 0x4a, root
   \   union <unnamed> volatile __io _A_OCR1A
   \                     _A_OCR1A:
   \   00000000                      DS8 2

   \                                 In  segment ABSOLUTE, at 0x48, root
   \   union <unnamed> volatile __io _A_OCR1B
   \                     _A_OCR1B:
   \   00000000                      DS8 2

   \                                 In  segment ABSOLUTE, at 0x46, root
   \   union <unnamed> volatile __io _A_ICR1
   \                     _A_ICR1:
   \   00000000                      DS8 2

   \                                 In  segment ABSOLUTE, at 0x45, root
   \   union <unnamed> volatile __io _A_TCCR2
   \                     _A_TCCR2:
   \   00000000                      DS8 1

   \                                 In  segment ABSOLUTE, at 0x44, root
   \   union <unnamed> volatile __io _A_TCNT2
   \                     _A_TCNT2:
   \   00000000                      DS8 1

   \                                 In  segment ABSOLUTE, at 0x43, root
   \   union <unnamed> volatile __io _A_OCR2
   \                     _A_OCR2:
   \   00000000                      DS8 1

   \                                 In  segment ABSOLUTE, at 0x42, root
   \   union <unnamed> volatile __io _A_OCDR
   \                     _A_OCDR:
   \   00000000                      DS8 1

   \                                 In  segment ABSOLUTE, at 0x41, root
   \   union <unnamed> volatile __io _A_WDTCR
   \                     _A_WDTCR:
   \   00000000                      DS8 1

   \                                 In  segment ABSOLUTE, at 0x40, root
   \   union <unnamed> volatile __io _A_SFIOR
   \                     _A_SFIOR:
   \   00000000                      DS8 1

   \                                 In  segment ABSOLUTE, at 0x3e, root
   \   union <unnamed> volatile __io _A_EEAR
   \                     _A_EEAR:
   \   00000000                      DS8 2

   \                                 In  segment ABSOLUTE, at 0x3d, root
   \   union <unnamed> volatile __io _A_EEDR
   \                     _A_EEDR:
   \   00000000                      DS8 1

   \                                 In  segment ABSOLUTE, at 0x3c, root
   \   union <unnamed> volatile __io _A_EECR
   \                     _A_EECR:
   \   00000000                      DS8 1

   \                                 In  segment ABSOLUTE, at 0x3b, root
   \   union <unnamed> volatile __io _A_PORTA
   \                     _A_PORTA:
   \   00000000                      DS8 1

   \                                 In  segment ABSOLUTE, at 0x3a, root
   \   union <unnamed> volatile __io _A_DDRA
   \                     _A_DDRA:
   \   00000000                      DS8 1

   \                                 In  segment ABSOLUTE, at 0x39, root
   \   union <unnamed> volatile __io _A_PINA
   \                     _A_PINA:
   \   00000000                      DS8 1

   \                                 In  segment ABSOLUTE, at 0x38, root
   \   union <unnamed> volatile __io _A_PORTB
   \                     _A_PORTB:
   \   00000000                      DS8 1

   \                                 In  segment ABSOLUTE, at 0x37, root
   \   union <unnamed> volatile __io _A_DDRB
   \                     _A_DDRB:
   \   00000000                      DS8 1

   \                                 In  segment ABSOLUTE, at 0x36, root
   \   union <unnamed> volatile __io _A_PINB
   \                     _A_PINB:
   \   00000000                      DS8 1

   \                                 In  segment ABSOLUTE, at 0x35, root
   \   union <unnamed> volatile __io _A_PORTC
   \                     _A_PORTC:
   \   00000000                      DS8 1

   \                                 In  segment ABSOLUTE, at 0x34, root
   \   union <unnamed> volatile __io _A_DDRC
   \                     _A_DDRC:
   \   00000000                      DS8 1

   \                                 In  segment ABSOLUTE, at 0x33, root
   \   union <unnamed> volatile __io _A_PINC
   \                     _A_PINC:
   \   00000000                      DS8 1

   \                                 In  segment ABSOLUTE, at 0x32, root
   \   union <unnamed> volatile __io _A_PORTD
   \                     _A_PORTD:
   \   00000000                      DS8 1

   \                                 In  segment ABSOLUTE, at 0x31, root
   \   union <unnamed> volatile __io _A_DDRD
   \                     _A_DDRD:
   \   00000000                      DS8 1

   \                                 In  segment ABSOLUTE, at 0x30, root
   \   union <unnamed> volatile __io _A_PIND
   \                     _A_PIND:
   \   00000000                      DS8 1

   \                                 In  segment ABSOLUTE, at 0x2f, root
   \   union <unnamed> volatile __io _A_SPDR
   \                     _A_SPDR:
   \   00000000                      DS8 1

   \                                 In  segment ABSOLUTE, at 0x2e, root
   \   union <unnamed> volatile __io _A_SPSR
   \                     _A_SPSR:
   \   00000000                      DS8 1

   \                                 In  segment ABSOLUTE, at 0x2d, root
   \   union <unnamed> volatile __io _A_SPCR
   \                     _A_SPCR:
   \   00000000                      DS8 1

   \                                 In  segment ABSOLUTE, at 0x2c, root
   \   union <unnamed> volatile __io _A_UDR0
   \                     _A_UDR0:
   \   00000000                      DS8 1

   \                                 In  segment ABSOLUTE, at 0x2b, root
   \   union <unnamed> volatile __io _A_UCSR0A
   \                     _A_UCSR0A:
   \   00000000                      DS8 1

   \                                 In  segment ABSOLUTE, at 0x2a, root
   \   union <unnamed> volatile __io _A_UCSR0B
   \                     _A_UCSR0B:
   \   00000000                      DS8 1

   \                                 In  segment ABSOLUTE, at 0x29, root
   \   union <unnamed> volatile __io _A_UBRR0L
   \                     _A_UBRR0L:
   \   00000000                      DS8 1

   \                                 In  segment ABSOLUTE, at 0x28, root
   \   union <unnamed> volatile __io _A_ACSR
   \                     _A_ACSR:
   \   00000000                      DS8 1

   \                                 In  segment ABSOLUTE, at 0x27, root
   \   union <unnamed> volatile __io _A_ADMUX
   \                     _A_ADMUX:
   \   00000000                      DS8 1

   \                                 In  segment ABSOLUTE, at 0x26, root
   \   union <unnamed> volatile __io _A_ADCSRA
   \                     _A_ADCSRA:
   \   00000000                      DS8 1

   \                                 In  segment ABSOLUTE, at 0x24, root
   \   union <unnamed> volatile __io _A_ADC
   \                     _A_ADC:
   \   00000000                      DS8 2

   \                                 In  segment ABSOLUTE, at 0x23, root
   \   union <unnamed> volatile __io _A_PORTE
   \                     _A_PORTE:
   \   00000000                      DS8 1

   \                                 In  segment ABSOLUTE, at 0x22, root
   \   union <unnamed> volatile __io _A_DDRE
   \                     _A_DDRE:
   \   00000000                      DS8 1

   \                                 In  segment ABSOLUTE, at 0x21, root
   \   union <unnamed> volatile __io _A_PINE
   \                     _A_PINE:
   \   00000000                      DS8 1

   \                                 In  segment ABSOLUTE, at 0x20, root
   \   union <unnamed> volatile __io _A_PINF
   \                     _A_PINF:
   \   00000000                      DS8 1

      static __flash TDataBase CFlash::xMainDataBase;
                               ^
"D:\Projects\CurrentProjects\CautoProjects\PSS48Color\include\Platform.h",368  Warning[Pe427]: 
          qualified name is not allowed in member declaration

      static __flash TDataBaseBlockPositionData CFlash::axDataBaseBlocksPositionData[];
                                                ^
"D:\Projects\CurrentProjects\CautoProjects\PSS48Color\include\Platform.h",369  Warning[Pe427]: 
          qualified name is not allowed in member declaration

   \                                 In  segment CODE, align 2, keep-with-next
   \   __version_3 uint16_t CPlatform::GetSystemTick()
   \                     ??GetSystemTick:
   \   00000000   ....               LDI     R30, LOW(??m_uiSystemTick)
   \   00000002   ....               LDI     R31, (??m_uiSystemTick) >> 8
   \   00000004   8100               LD      R16, Z
   \   00000006   8111               LDD     R17, Z+1
   \   00000008   9508               RET
     10          #include "Timer.h"
     11          
     12          //-----------------------------------------------------------------------------------------------------

   \                                 In  segment CODE, align 2, keep-with-next
     13          CTimer::CTimer()
   \                     ??CTimer:
     14          {
   \   00000000   ....               LDI     R18, LOW(??__vtbl)
   \   00000002   ....               LDI     R19, (??__vtbl) >> 8
   \   00000004   01F8               MOVW    R31:R30, R17:R16
   \   00000006   8324               STD     Z+4, R18
   \   00000008   8335               STD     Z+5, R19
     15          
     16          }
   \   0000000A   9508               RET
     17          
     18          //-----------------------------------------------------------------------------------------------------

   \                                 In  segment CODE, align 2, keep-with-next
     19          CTimer::CTimer(uint16_t uiTime)
   \                     ??CTimer_1:
     20          {
   \   00000000   ........           CALL    ?PROLOGUE4_L09
   \   00000004   01D8               MOVW    R27:R26, R17:R16
   \   00000006   01C9               MOVW    R25:R24, R19:R18
   \   00000008   ....               LDI     R16, LOW(??__vtbl)
   \   0000000A   ....               LDI     R17, (??__vtbl) >> 8
   \   0000000C   01FD               MOVW    R31:R30, R27:R26
   \   0000000E   8304               STD     Z+4, R16
   \   00000010   8315               STD     Z+5, R17
     21              m_uiLastSystemTick = CPlatform::GetSystemTick();
   \   00000012   ........           CALL    ??GetSystemTick
   \   00000016   01FD               MOVW    R31:R30, R27:R26
   \   00000018   8302               STD     Z+2, R16
   \   0000001A   8313               STD     Z+3, R17
     22              m_uiTime = uiTime;
   \   0000001C   938D               ST      X+, R24
   \   0000001E   939C               ST      X, R25
   \   00000020   9711               SBIW    R27:R26, 1
     23          }
   \   00000022   018D               MOVW    R17:R16, R27:R26
   \   00000024   E0E4               LDI     R30, 4
   \   00000026   ........           JMP     ?EPILOGUE_B4_L09
     24          
     25          //-----------------------------------------------------------------------------------------------------

   \                                 In  segment CODE, align 2, keep-with-next
     26          CTimer::~CTimer()
   \                     `?~CTimer`:
     27          {
   \   00000000   939A               ST      -Y, R25
   \   00000002   938A               ST      -Y, R24
   \   00000004   01C8               MOVW    R25:R24, R17:R16
   \   00000006   2F08               MOV     R16, R24
   \   00000008   2B09               OR      R16, R25
   \   0000000A   F029               BREQ    `?~CTimer_1`
   \   0000000C   FB20               BST     R18, 0
   \   0000000E   F41E               BRTC    `?~CTimer_1`
     28          
     29          }
   \   00000010   018C               MOVW    R17:R16, R25:R24
   \   00000012   ........           CALL    `??operator delete`
   \                     `?~CTimer_1`:
   \   00000016   9189               LD      R24, Y+
   \   00000018   9199               LD      R25, Y+
   \   0000001A   9508               RET
     30          
     31          //-----------------------------------------------------------------------------------------------------

   \                                 In  segment CODE, align 2, keep-with-next
     32          void CTimer::Set(uint16_t uiTime)
   \                     ??Set:
     33          {
   \   00000000   ........           CALL    ?PROLOGUE4_L09
   \   00000004   01D8               MOVW    R27:R26, R17:R16
   \   00000006   01C9               MOVW    R25:R24, R19:R18
     34              m_uiLastSystemTick = CPlatform::GetSystemTick();
   \   00000008   ........           CALL    ??GetSystemTick
   \   0000000C   01FD               MOVW    R31:R30, R27:R26
   \   0000000E   8302               STD     Z+2, R16
   \   00000010   8313               STD     Z+3, R17
     35              m_uiTime = uiTime;
   \   00000012   938D               ST      X+, R24
   \   00000014   939C               ST      X, R25
   \   00000016   9711               SBIW    R27:R26, 1
     36          }
   \   00000018   E0E4               LDI     R30, 4
   \   0000001A   ........           JMP     ?EPILOGUE_B4_L09
     37          
     38          //-----------------------------------------------------------------------------------------------------

   \                                 In  segment CODE, align 2, keep-with-next
     39          void CTimer::Reset(void)
   \                     ??Reset:
     40          {
   \   00000000   93BA               ST      -Y, R27
   \   00000002   93AA               ST      -Y, R26
   \   00000004   01D8               MOVW    R27:R26, R17:R16
     41              m_uiLastSystemTick = CPlatform::GetSystemTick();
   \   00000006   ........           CALL    ??GetSystemTick
   \   0000000A   01FD               MOVW    R31:R30, R27:R26
   \   0000000C   8302               STD     Z+2, R16
   \   0000000E   8313               STD     Z+3, R17
     42          }
   \   00000010   91A9               LD      R26, Y+
   \   00000012   91B9               LD      R27, Y+
   \   00000014   9508               RET
     43          
     44          //-----------------------------------------------------------------------------------------------------

   \                                 In  segment CODE, align 2, keep-with-next
     45          bool CTimer::IsOverflow(void)
   \                     ??IsOverflow:
     46          {
   \   00000000   93BA               ST      -Y, R27
   \   00000002   93AA               ST      -Y, R26
   \   00000004   01D8               MOVW    R27:R26, R17:R16
     47              //    if ((CPlatform::GetSystemTick() - m_uiLastSystemTick)  >=
     48          //            m_uiTime)
     49          //    {
     50          //        return true;
     51          //    }
     52          //    else
     53          //    {
     54          //        return false;
     55          //    }
     56              return ((CPlatform::GetSystemTick() - m_uiLastSystemTick)  >=
     57                      m_uiTime);
   \   00000006   ........           CALL    ??GetSystemTick
   \   0000000A   01FD               MOVW    R31:R30, R27:R26
   \   0000000C   8122               LDD     R18, Z+2
   \   0000000E   8133               LDD     R19, Z+3
   \   00000010   1B02               SUB     R16, R18
   \   00000012   0B13               SBC     R17, R19
   \   00000014   912D               LD      R18, X+
   \   00000016   913C               LD      R19, X
   \   00000018   9711               SBIW    R27:R26, 1
   \   0000001A   1702               CP      R16, R18
   \   0000001C   0713               CPC     R17, R19
   \   0000001E   F010               BRCS    ??IsOverflow_1
   \   00000020   E001               LDI     R16, 1
   \   00000022   C001               RJMP    ??IsOverflow_2
   \                     ??IsOverflow_1:
   \   00000024   E000               LDI     R16, 0
   \                     ??IsOverflow_2:
   \   00000026   91A9               LD      R26, Y+
   \   00000028   91B9               LD      R27, Y+
   \   0000002A   9508               RET
     58          }

   \                                 In  segment CODE, align 2, keep-with-next
   \   __version_3 CTimer &CTimer::new CTimer()
   \                     `??new CTimer`:
   \   00000000   E006               LDI     R16, 6
   \   00000002   E010               LDI     R17, 0
   \   00000004   ........           CALL    `??operator new`
   \   00000008   2F20               MOV     R18, R16
   \   0000000A   2B21               OR      R18, R17
   \   0000000C   F011               BREQ    `??new CTimer_2`
   \   0000000E   ....               RCALL   ??CTimer
   \   00000010   9508               RET
   \                     `??new CTimer_2`:
   \   00000012   E000               LDI     R16, 0
   \   00000014   E010               LDI     R17, 0
   \   00000016   9508               RET

   \                                 In  segment CODE, align 2, keep-with-next
   \   __version_3 CTimer &CTimer::new CTimer(uint16_t)
   \                     `??new CTimer_1`:
   \   00000000   939A               ST      -Y, R25
   \   00000002   938A               ST      -Y, R24
   \   00000004   01C8               MOVW    R25:R24, R17:R16
   \   00000006   E006               LDI     R16, 6
   \   00000008   E010               LDI     R17, 0
   \   0000000A   ........           CALL    `??operator new`
   \   0000000E   2F20               MOV     R18, R16
   \   00000010   2B21               OR      R18, R17
   \   00000012   F019               BREQ    `??new CTimer_3`
   \   00000014   019C               MOVW    R19:R18, R25:R24
   \   00000016   ....               RCALL   ??CTimer_1
   \   00000018   C002               RJMP    `??new CTimer_4`
   \                     `??new CTimer_3`:
   \   0000001A   E000               LDI     R16, 0
   \   0000001C   E010               LDI     R17, 0
   \                     `??new CTimer_4`:
   \   0000001E   9189               LD      R24, Y+
   \   00000020   9199               LD      R25, Y+
   \   00000022   9508               RET
     59          
     60          //-----------------------------------------------------------------------------------------------------
     61          

   Maximum stack usage in bytes:

   CSTACK RSTACK Function
   ------ ------ --------
      0      2   CPlatform::GetSystemTick()
      0      2   CTimer::CTimer()
      4      2   CTimer::CTimer(uint16_t)
        4      2   -> CPlatform::GetSystemTick()
      2      2   CTimer::IsOverflow()
        2      2   -> CPlatform::GetSystemTick()
      2      2   CTimer::Reset()
        2      2   -> CPlatform::GetSystemTick()
      4      2   CTimer::Set(uint16_t)
        4      2   -> CPlatform::GetSystemTick()
      0      2   CTimer::new CTimer()
        0      2   -> CTimer::CTimer()
        0      2   -> operator new(unsigned int)
      2      2   CTimer::new CTimer(uint16_t)
        2      2   -> CTimer::CTimer(uint16_t)
        2      2   -> operator new(unsigned int)
      2      2   CTimer::~CTimer()
        2      2   -> operator delete(void *)


   Segment part sizes:

   Bytes  Function/Label
   -----  --------------
      10  CPlatform::GetSystemTick()
      12  CTimer::CTimer()
      42  CTimer::CTimer(uint16_t)
      44  CTimer::IsOverflow()
      22  CTimer::Reset()
      30  CTimer::Set(uint16_t)
      24  CTimer::new CTimer()
      36  CTimer::new CTimer(uint16_t)
      28  CTimer::~CTimer()
       1  _A_ACSR
       2  _A_ADC
       1  _A_ADCSRA
       1  _A_ADMUX
       1  _A_ASSR
       1  _A_DDRA
       1  _A_DDRB
       1  _A_DDRC
       1  _A_DDRD
       1  _A_DDRE
       1  _A_DDRF
       1  _A_DDRG
       2  _A_EEAR
       1  _A_EECR
       1  _A_EEDR
       1  _A_EICRA
       1  _A_EICRB
       1  _A_EIFR
       1  _A_EIMSK
       1  _A_ETIFR
       1  _A_ETIMSK
       2  _A_ICR1
       2  _A_ICR3
       1  _A_MCUCR
       1  _A_MCUCSR
       1  _A_OCDR
       1  _A_OCR0
       2  _A_OCR1A
       2  _A_OCR1B
       2  _A_OCR1C
       1  _A_OCR2
       2  _A_OCR3A
       2  _A_OCR3B
       2  _A_OCR3C
       1  _A_OSCCAL
       1  _A_PINA
       1  _A_PINB
       1  _A_PINC
       1  _A_PIND
       1  _A_PINE
       1  _A_PINF
       1  _A_PING
       1  _A_PORTA
       1  _A_PORTB
       1  _A_PORTC
       1  _A_PORTD
       1  _A_PORTE
       1  _A_PORTF
       1  _A_PORTG
       1  _A_RAMPZ
       1  _A_SFIOR
       2  _A_SP
       1  _A_SPCR
       1  _A_SPDR
       1  _A_SPMCSR
       1  _A_SPSR
       1  _A_SREG
       1  _A_TCCR0
       1  _A_TCCR1A
       1  _A_TCCR1B
       1  _A_TCCR1C
       1  _A_TCCR2
       1  _A_TCCR3A
       1  _A_TCCR3B
       1  _A_TCCR3C
       1  _A_TCNT0
       2  _A_TCNT1
       1  _A_TCNT2
       2  _A_TCNT3
       1  _A_TIFR
       1  _A_TIMSK
       1  _A_TWAR
       1  _A_TWBR
       1  _A_TWCR
       1  _A_TWDR
       1  _A_TWSR
       1  _A_UBRR0H
       1  _A_UBRR0L
       1  _A_UBRR1H
       1  _A_UBRR1L
       1  _A_UCSR0A
       1  _A_UCSR0B
       1  _A_UCSR0C
       1  _A_UCSR1A
       1  _A_UCSR1B
       1  _A_UCSR1C
       1  _A_UDR0
       1  _A_UDR1
       1  _A_WDTCR
       1  _A_XDIV
       1  _A_XMCRA
       1  _A_XMCRB
       2  -- Other

 
 105 bytes in segment ABSOLUTE
 248 bytes in segment CODE
   2 bytes in segment NEAR_F
 
 238 bytes of CODE memory (+  12 bytes shared)
   0 bytes of DATA memory (+ 105 bytes shared)

Errors: none
Warnings: 2
